1337x.st
1337x.to
15min.lt
15minut.org
16honeys.com
1bet.com
1clickvpn.com
1lurer.am
1news.az
1plus1.ua
1tv.am
1xbet.by
1xbet.com
1xbet1.com
1xbet105.com
1xbet108.com
1xbet109.com
1xbet12.com
1xbet13.com
1xbet14.com
1xbet3.com
1xbet34.com
1xbet40.com
1xbet41.com
1xbet42.com
1xbet43.com
1xbet45.com
1xbet46.com
1xbet49.com
1xbet50.com
1xbet51.com
1xbet54.com
1xbet7.com
1xbet82.com
1xbet84.com
1xbet9.com
1xbet90.com
1xbet91.com
200rf.com
20khvylyn.com
20speed.co
21vek.by
22bet.com
24chasa.bg
24tv.ua
2ip.ru
2xq.ir
4chan.org
4everproxy.com
520hack.com
5element.by
888casino.com
888poker.com
888sport.com
8kun.top
9tv.co.il
a-sadov.livejournal.com
a1.by
a1plus.am
abbabusiness.org
abc.net.au
abs.twimg.com
abtalealdjazaire.ahlamontada.net
access-unlocked.org
account.proton.me
activatica.org
activecloud.by
ad.nl
adambarfii.com
adb.org
adguard-vpn.com
adguard.com
adl.hayway.org
advocate.com
advox.globalvoices.org
adyannet.com
aeenebahai.org
aejournal.ir
af.mil
afedmag.com
afifnp.com
afisha.relax.by
afn.by
afp.com
afpforum.com
africablogging.org
afterellen.com
agenceurope.eu
agents.media
agentura.ru
aghatehrani.ir
agora.legal
ahewar.org
ahwaa.org
aids.ir
airvpn.org
aja.ir
al-bab.com
al-jamaa.org
alberta.ca
alef.ir
alhayat.com
alhurra.com
aliakbarnaseri.ir
alice-vpn.com
aliez.tv
allrus.news
allthefallen.moe
almashhadalaraby.com
almeshkat.net
almethaqnews.com
alraiah.net
alraynews.net
amanjordan.org
americannaziparty.com
amerikaovozi.com
amharic.voanews.com
amiab.am
aminsabeti.net
amnesty.org
amnesty.org.ru
amnezia.org
anaween.com
anidalton.blogfa.com
anime-portal.ru
animedub.ru
animelib.me
animevost.tv
annas-archive.org
annd.org
anonfiles.com
anonymizer.ru
anonymouse.org
anonymox.net
antikor.com.ua
antivigilancia.org
antizapret.prostovpn.org
api.protonvpn.ch
aplaycasino.com
apollo.lv
aport.ru
app.wire.com
appattest.apple.com
apple-cloudkit.com
apple-livephotoskit.com
apple-mapkit.com
apps-marketplace.apple.com
apzones.com
ar-ar.facebook.com
ar.wikishia.net
arabianbetting.com
arabic.arabianbusiness.com
arablounge.com
archive.is
archiveofourown.org
argaam.com
armenialiberty.am
armenianchurch.org
armhels.com
armtimes.com
army.mil
artcenter.by
arte.tv
article19.org
artstation.com
artsy.net
asekose.am
ashemaletube.com
asl19.org
asre-nou.net
atlaspress.news
atr.ua
avairan.com
avatech.ir
avtonom.org
avtovelomoto.by
avtovopros.by
avtozak.info
aws.amazon.com
azadiradio.com
azadliq.gitlab.io
azadliq.org
azathabar.com
azatli.gitlab.io
azatliq.org
azattyk.org
azattyq.gitlab.io
azattyq.org
azattyqasia.org
azatutyun.am
azatutyun.net
b1tv.ro
babook.org
bacardi.com
backblaze.com
backstage-api.com
badoo.com
baikal-journal.ru
baj.media
bama.ir
bankir.ru
baskino.me
baza.io
bazaremali.com
bazrpash.ir
bbc.co.uk
bbc.com
bbcazeri.com
bbckyrgyz.com
bbcrussian.com
bbcswahili.com
bbm.com
bbs.myhack58.com
bccdc.ca
beacondb.net
beeg.com
behdashtmohit.com
beian.gov.cn
beintheknow.org
belarusians.nl
belhumanrights.house
bellingcat.com
bellit.info
belsat.eu
belsat.pl
belstat.gov.by
berbidvps.ir
berlingske.dk
besthost.by
bet365.com
betclic.com
betfair.com
betonmobile.by
betternet.co
bettingsites.info
betway.com
betwinner.com
beyondexgay.com
bgmedia.site
bi.org
bielarus.net
bigcinema-hd.me
bigmir.net
biladi-sa.com
bing-amp.com
bionet.am
bitchute.com
bitcoin.org
bitfinex.com
bitmask.net
bk.by
blackberry.com
blackseanews.net
blackseango.org
blackseatv.com
blancvpn.com
blestfamily.com
blockdx.co
blog.ir
blog.mozilla.org
blogs.voanews.com
blogsky.com
blued.com
bluehost.com
bluesystem.ru
boerse.to
boingboing.net
bok-o-bok.com
bok-o-bok.ru
bolshoibelarus.by
bonaberi.com
booksc.org
bp.com
brama.online
bravoporn.com
brazino777.by
brestcity.com
briarproject.org
brick.blogfa.com
bridges.torproject.org
browsec.com
bseu.by
bsky.app
btbit.org
btcchina.com
budzma.org
buheshiyi.com
bumble.com
bumingbai.net
bundesverband-trans.de
businessweekly.com.tw
by.cpartisans.org
by.entimby.site
by.tribuna.com
bybanner.com
bysol.org
cactusvpn.com
caffecinema.com
caihongto.com
caixin.com
cameleo.xyz
camsoda.com
cannaweed.com
carnegie.ru
carnegieendowment.org
cashpoint.com
casino.bet365.com
casino.com
casinotropez.com
catalyst.org
caucasustimes.com
cbs.gov.il
ccc-cambodia.org
ccel.org
ccli.ir
cctvhikvision.center
cdn-apple.com
cdn-client.medium.com
cdn.fbsbx.com
cdns.grindr.com
cdp1998.org
cecc.gov
cedema.org
censor.net
censor.net.ua
censorship.no
censortracker.org
centre1.com
centrodememoriahistorica.gov.co
cesda.org.ng
ceskatelevize.cz
charitum.com
charity.foodblockchain.com.cn
charter97.org
chat.in-the.eu
chat.nuvon.app
chat.privittytech.com
chat.sus.fr
chat.vim.wtf
chat.zashm.org
chatmail.au
chatmail.culturanerd.it
chatmail.email
chatmail.woodpeckersnest.space
chatserver.hashi.sbs
chatzy.ir
cherta.media
chess.com
chika.aangat.lahat.computer
chimpreports.com
china-moutai.com
china.usembassy-china.org.cn
chinadigitaltimes.net
chinaqna.com
chinese.aljazeera.net
chinesebookonline.com
christianitytoday.com
christians4peace.com
chronicles.media
chtml.ca
church.by
church.ua
cia.gov
cinemajournal.ir
citizensclimatelobby.org
cityoflove.com
civicidea.ge
cliftonartgallery.com
cloudvps.by
cn.nytimes.com
cnews.fr
cock.li
codal.ir
codeinfarsi.org
collegehumor.com
colta.ru
comoabortar.org
complex-life.blog.ir
compromat.ru
cont.ws
converser.eu
coocheh.com
cool.bbsgayru17.com
coursera.org
courtwatch.ge
cpanel.ir
cpj.org
crazygames.com
cricfree.live
crichd.tv
crimea-news.info
cryptome.org
cryptpad.fr
cseindia.org
csis.org
ctdsb.cnhubei.com
culture.taiwan.cn
current-time.gitlab.io
currenttime.tv
cwtch.im
cyberghostvpn.com
cyberhub.am
cyberpolice.ir
cyprus-mail.com
cyprustimes.com
d.gaufr.es
d2dj0qptshsals.cloudfront.net
dabangasudan.org
dailymotion.com
danneskjold.de
darkrun.dev
darpa.mil
dateinasia.com
day.kyiv.ua
daymohk.org
db.vtb.ru
ddosecrets.com
de.xhamster.com
deal.by
deathmetal.org
deeprism.com
defcad.com
defendingwomen-defendingrights.org
dehnamaki.blogfa.com
delbara.com
delfi.ee
delo.ua
delta.thelab.uno
demokracija.eu
demokracija.si
dennikn.sk
depo.ua
deti-404.com
deu.xhamster.com
dev.ua
dfkaya.com
dia.mil
dialog.ua
diary.ru
diena.lv
digi24.ro
digionline.ir
digitalocean.com
digitalskills.by
digitrain.ir
diplomaticsecondpassport.com
dit.whatsapp.net
divar.ir
dmnazarimehr.blogfa.com
dns.adguard.com
dodmayak.ru
doh-fi.blahdns.com
doh.centraleu.pi-dns.com
dolatebahar.com
donbass.ua
dongtaiwang.com
donpress.com
doovi.com
dossier.center
doubleclick.net
dovod.online
doxa.team
doxajournal.ru
dr-azizi.ir
dreamhost.com
dron.media
drsoleimani.ir
drtala.com
drugs-forum.com
dryzonegreening.gov.mm
dsae.by
dsau.dp.ua
dw.com
dwelle.eu
dwnews.com
dytt8.net
dzlieri9.ge
e-hentai.org
e2ee.im
e2ee.wang
ecequality.org
echo.msk.ru
echofm.online
eclipso.de
ecohome.ngo
ecoidea.me
economics.basnet.by
edge-chat.instagram.com
edge-mqtt.facebook.com
editorials.voa.gov
edu.gov.qa
efe.com
eghtesadban.com
ehda.sbmu.ac.ir
ehorussia.com
ej.ru
ekhokavkaza.com
elections2020.spring96.org
elhosting.ru
elmundo.es
elpais.com
elpha.com
eluniversal.com
emeil.ir
emhrf.org
emiratiaffairs.com
emruznews.com
en.rfi.fr
eporner.com
epravda.com.ua
epress.am
equaldex.com
equalit.ie
equalitie.org
equality.ge
erowid.org
err.ee
ert.gr
ertnews.gr
espreso.tv
estjt.ir
eu-objective.online
euobserver.com
eurasia.amnesty.org
eurasianet.org
eurobicon.org
euronews.com
europeanbelarus.org
euroradio.fm
eventbrite.com
ex-press.live
exitinternational.net
exmormon.org
expresso.pt
expressvpn.com
external.xx.fbcdn.net
eztv.ag
eztv.re
f-secure.com
fa.rezapahlavi.org
facebook.com
factograph.info
fadaian.org
faithfreedom.org
fakty.ua
familyequality.org
faraso.org
faridmod.blogfa.com
farsi.euronews.com
farsimed.ir
fast-die.github.io
fast-die.kiev.ua
fast-torrent.ru
fastcomet.com
fastmail.com
faz.net
fbcdn.net
fbk.info
feedtheminds.org
feminist.com
feminist.org
ferdowsiaccelerator.ir
fergana.agency
fergana.news
fergananews.com
fhi360.org
ficbook.net
fidh.org
filex.com
findglocal.com
flagshtok.info
flashkhor.com
flibusta.is
focus.ua
fonbet.by
foreignaffairs.com
fortanga.org
forum.mhut.org
forum.torproject.net
forum.torproject.org
fotostrana.ru
fozoolemahaleh.com
fr.de
fr.gov.by
frant.me
frc.org
freecity.lv
freedomhouse.org
freemedia.io
freeplanetvpn.com
freespeechdebate.com
freestreams-live1.com
freevpnplanet.com
fri-gate.org
fridae.com
fromuz.com
fsf.org
ftchinese.com
fuckingfreemovies.com
fundtexaschoice.org
funpatogh.com
furryrefuge.com
g9g.com
gab.com
gadget-bar.ru
gagadget.com
galasla.org
gambling.com
gamedev.by
gamesky.ir
gamingzion.com
gay-sport.ru
gay.kz
gaycity.love
gaymenshealth.org
gayroom.com
gayscape.com
gaytoday.com
gazeta.ua
gazeta.uz
gazetaby.com
gc.apple.com
ge.xhamster.com
genderdysphoria.fyi
genderindex.org
geocities.ws
geph.io
getlantern.org
getoutline.org
getpocket.com
ghanasoccernet.com
gigfa.com
gijn.org
girlintim.com
giz.de
glaad.org
glasnaya.media
glavcom.ua
glavnoe.in.ua
glavnoe.ua
glavpost.com
glavred.info
globalgiving.org
globalmarch.org
globalnetworkinitiative.org
globalr2p.org
globalsecurity.org
globalvoices.org
globalvoicesonline.org
glsen.org
go-krit.com
godaddy.com
goldenpalace.com
goldenrivieracasino.com
goldfishka.ru
golos-ameriki.ru
golos-kubani.ru
golosamer.gitlab.io
golosameriki.com
golosinfo.org
golosislama.com
goodreads.com
gorgij.net
gorz.ir
gotgayporn.com
gpress.info
grammarly.com
grand-casino0.com
grandcasino.by
graniru.org
granma.cu
greenbelarus.info
greenpeace.org
grindr.com
grindr.mobi
gsc-game.com
gsm.ir
guardster.com
gubernia.media
haamash.wordpress.com
hackerr.hooxs.com
hackers.banouta.net
hackerz.ahlamontada.net
haftir.ir
hamamoun.org
hamkhone.ir
hamsayegan.com
harasswatch.com
harbarg.com
hardsextube.com
hasatoday.com
hateit.ru
hb.by
hbr.org
hdl.handle.net
healthcare.by
helpdesk.media
hetq.am
hetzner.com
hhk.am
hi.sapp.ir
hide.me
hidemy.name
hidemyass.com
hifc.ir
hightimes.com
hiv.gov
hivsti.com
hizb-ut-tahrir.info
hizb-ut-tahrir.org
hizb-uzbekiston.info
hkbookcity.com
hket.com
hkleaks.ru
hkoutlanders.com
hleb.asia
hochuzhit.com
hola.org
holakoueearchive.co
holod.media
homayounshajarian.blogfa.com
honduras.com
hootsuite.com
hornet.com
hosseinsanapour.blogfa.com
hostfly.by
hostgator.com
hot-chilli.im
hotgaylist.com
hotspotshield.com
howtogrowmarijuana.com
hraicp.org
hram.by
hrc.org
hrf.org
hromadske.ua
hrw.org
hrwf.eu
hs.fi
hss.gov.nt.ca
humanconstanta.org
humanrights-ir.org
humanrights.asia
humanrightsfirst.org
humanrightshouse.org
hunafa.com
hunchak.org.au
hustler.com
hyesingles.com
i-store.by
i.gr-assets.com
i.instagram.com
i2pd.website
iaf.org.il
iaru.org
icesi.edu.co
ichkeria.info
ici.radio-canada.ca
icloud.apple.com
icloud.com.cn
ictt.by
idelreal.org
idemocracy.asia
iditelesom.org
iew.ir
ifb.ir
igg-games.com
iico.org
ikhwan.net
ikhwanonline.com
ikhwanwiki.com
ilga.org
iltalehti.fi
im0-tub-com.yandex.net
imagisphe.re
imrussia.org
in.gr
independent.com.mt
independent.ie
indiegamesplus.com
indiewatch.net
indonesia.faithfreedom.org
inetprivacy.com
infobae.com
inforeactor.ru
information.dk
informationsverige.se
informator.ua
infranetworking.com
insecure.org
instacart.com
instagram.com
instagram.fsaw1-13.fna.fbcdn.net
instructions.peaceplea.org
intercasino.com
internationalrivers.org
intersukupuolisuus.fi
investigator.org.ua
ioas.ac
ioda.caida.org
ionos.com
ipfs.io
ipvnews.org
ir.voanews.com
iranian.com
iranianstoday.com
iranjavan.com
iranjewish.com
iranled.com
iranmatlab.ir
iranpressnews.com
iranx.net
irarz.com
irenex.ir
iri.org
irishtimes.com
irna.ir
irqo.org
is-sw.net
is.fi
isa.gov.il
ishr.ch
islam.plus
islamage.com
islamdin.com
islameyat.com
islamhouse.com
islamqa.info
islamqt.com
isna.ir
issuu.com
istories.media
itarmy.com.ua
itbazar.com
itgetsbetter.org
itresan.com
itsmycity.ru
iwork.apple.com
jackpotcitycasino1.com
jahforum.org
jamendo.com
janesdueprocess.org
jasjoo.com
jebhemelli.net
jense-akhar.persianblog.ir
jensiat.io
jewe.ir
jewish.am
jihadwatch.org
jingdaily.com
journlab.online
jpgazeta.ru
jsf.mil
judaism.com
jungefreiheit.de
juof7.com
jurnaltv.md
justassociates.org
justmysocks1.net
jw.org
kafanews.com
kafkas.org.tr
kaiwind.com
kala724.net
kalashnikov-seeds.com
kaleidoscopetrust.com
kaleme.com
kaliboys.com
kalinouski.org
kamatera.com
kamikadze-d.net
karinovin.com
kasparovru.com
kasyanov.ru
kat.am
katcr.to
katestube.com
kavkaz-uzel.eu
kavkaz.tv
kavkazcenter.com
kavkazr.com
kavkazweb.net
kenlydell.typepad.com
khilafah.net
khodorkovsky.ru
khosq.am
kickassclassical.com
kickasstorrents.to
kidshealth.org
kinobolt.ru
kinogoo.cc
kinokrad.co
kinozal.tv
kiwifarms.net
kln.gov.my
kloop.kg
km.rfi.fr
kmoun.info
kmu.gov.ua
knack.be
knews.kg
kommersant.ru
konthaiuk.com
korea-dpr.com
kosa.media
krinica.org
krymsos.com
kryscina.com
kset.kz
kufar.by
kultura.by
kupalauski.by
kurdistanhumanrights.org
kuzpress.ru
kyivfashion.kiev.ua
kyrgyzmedia.com
la-croix.com
la7.it
lahjnews.net
lambdalegal.org
lantern.io
lastampa.it
lavaplace.com
lawtrend.org
lb.ua
ldpb.by
legalizer.cc
lemonde.fr
lentachel.ru
leonidvolkov.ru
lesbiansubmission.com
lescorner.org
levif.be
lexpress.fr
lezsmeeting.com
lgbt.foundation
lgbtnet.org
lgbtqia.space
lgbtqnation.com
lgbtru.com
lib.rus.ec
liberation.fr
libereco.org
libgen.fun
libgen.is
libgen.lc
libgen.li
libgen.life
libgen.me
libgen.rs
libgen.space
libgen.st
liga.net
limetorrents.cc
limetorrents.lol
limetorrents.pro
limonka.nbp-info.com
limoo.host
line.me
lingo.com
linkedin.com
linktr.ee
lioncomputer.com
listock.ru
livejasmin.com
liveleak.com
livemy.info
liveuamap.com
login.by
lokinet.org
lookaside.facebook.com
lostfilm.tv
lotoru.com
lovehabibi.com
lratvakan.am
lrt.lt
lrytas.lt
lsbet.com
lsm.lv
luckynugget.com
lyrikline.org
m.youtube.com
madar365.com
madre.org
madyariran.net
mahak-charity.org
mahshar.com
maidan.org.ua
mail.iran.ir
mail.proton.me
mailchat.pl
mailchi.mp
mailfa.com
majalisna.com
majlis.ir
makeout.space
malanka.media
maltatoday.com.mt
manas.news
manhub.com
map.sogou.com
mapmiao.com
marathonbet.by
marathonbet.com
marde-rooz.com
marxist.news
marzeporgohar.org
mask-h2.icloud.com
mask.icloud.com
matrix-client.matrix.org
matrix.archaeo.social
matrix.catgirl.cloud
matrix.communick.com
matrix.electrologic.org
matrix.federated.nexus
matrix.frei.chat
matrix.fsfe.org
matrix.norge.chat
matrix.oblak.be
matrix.pub.solar
matrix.secure-channel.net
matrix.tchncs.de
matrix.to
matters.news
matters.town
mayday.health
mbk-news.appspot.com
mbk.news
mcclgbt.com
mdif.org
mdundo.com
mdz-rus.github.io
med.by
meddaily.ru
media-arn2-1.cdn.whatsapp.net
media.fevn1-1.fna.whatsapp.net
medianet.kz
mediapatriot.ru
mediapoint.am
mediapool.bg
mediazona.ca
mediazonaby.com
medinkur.ru
medium.com
meduza.io
meendo.net
meet.google.com
meetme.com
megaproxy.com
megatfile.cc
megatv.com
mehl.cloud
mehrabane.ir
mehrnews.com
membres.lycos.fr
memo.ru
messenger.com
metal-archives.com
metaporn.com
metart.com
metrodate.com
mfa.gov.ua
mhg.ru
middleeasttransparent.com
mideast.ru
mignews.ua
mihanblog.com
milfhunter.com
miliao.com
militant.zone
milli-mejlis.blogspot.com
minda.by
minds.com
minjust.net
minsalud.gov.co
minval.az
minzdrav.gov.by
miro.medium.com
mirror.cyberbits.eu
missav.ws
mmg.whatsapp.net
mnr.gov.cn
mod.gov.sa
molina.ir
montazeri.com
mostmedia.io
motolko.help
mousematrix.com
movie4k.to
moviesarena.com
moz.gov.ua
mp3.com
mp3quran.net
mr90.ir
mrdeepfakes.com
mstdn.jp
mtux.nl
mubasher.info
mullvad.net
music.youtube.com
musicema.com
musixmatch.com
mv.ecuo.org
mybet.com
myc.news
myrotvorets.center
myspace.com
naba-news.com
namba.kg
namba.kz
name.am
narkotiki.ru
nash-sever.info
nashaniva.com
nation-news.ru
nation.co.ke
nationalgeographic.com
navalny.com
navi.gg
nawaat.org
nayrika.com
nazarene.org
nazk.gov.ua
nclrights.org
ndi.org
ned.org
negahjonoubirannews.ir
neolo.com
net.tebyan.net
network.newsensations.com
networksolutions.com
nevnov.ru
nevzorov.tv
new-rutor.org
newbelarus.com
newgrodno.by
newinform.com
newnownext.com
news.bahai.org
news.google.com
news.liga.net
newsmaker.md
newsmaven.io
newspot.ru
newsru.com
newsweek.com
newtime.ua
newtimes.ru
nex1music.ir
nexta.tv
nextmail.ru
ngocn.net
nibblehole.com
nikk.agency
nine.testrun.org
niniweblog.com
njal.la
nnmclub.to
noblockme.ru
nodored.com
nomer-org.website
noorasec.com
nope.chat
nordvpn.com
nos.nl
notvpn.io
nova24.si
nova24tv.si
novaya.no
novayagazeta.ee
novayagazeta.eu
novayagazeta.ru
novayapolsha.com
novayapolsha.eu
novayapolsha.pl
novychas.online
nr2.com.ua
nrc.nl
nrdc.org
nsec.ir
ntc.party
nv.ua
o-zine.ru
obozrevatel.com
observador.pt
observers.rfi.fr
occrp.org
ochevidcy.com
oct.by
odysee.com
oe24.at
oeek.pl
officelife.media
oglobo.globo.com
ombuds.am
omct.org
omsk.com
omvesti.ru
onemorelesbian.com
onescene.com
onlinearabiccasino.com
onlinegambling.com
onlineserver.ir
onwh.51rry.com
ooni.torproject.org
opendemocracy.net
openglobalrights.org
openlynews.com
openmedia.io
openrussia.org
opensanctions.org
opensea.io
opensocietyfoundations.org
openuni.io
or.team
orbot.app
orf.at
otbm.com
out.com
ovdinfo.org
oxfam.org
ozodlik.org
pa.azadiradio.com
paac.ir
pacom.mil
padafand.aja.ir
panapress.com
panel.limoo.host
panties.com
pap.pl
paperpaper.io
papervpn.io
paralleleconomy.com
parniplus.com
parsi.euronews.com
parsiblog.com
parspack.ir
partypoker.com
partypoker.net
paskoocheh.com
patreon.com
pawoo.net
pay.ir
pbs.twimg.com
pcnews.ru
pdki.org
peaceplea.org
periscope.tv
persian.kamangir.net
persianblog.ir
persiangig.com
pexels.com
peykeiran.com
pflag.org
phrack.org
pinknews.co.uk
pinme.ru
pinnacle.com
piter.fm
pixabay.com
pixiv.net
pl.aliexpress.com
plan-international.org
planeta.press
planetromeo.com
play.google.com
playamo.com
plug-mirror.rcac.purdue.edu
pm.by
pn14.info
pnpm.io
pochta.ru
podcasty.polskieradio.pl
podrobnosti.ua
pof.com
pokerstars.com
pokerstars.eu
police.ir
poligon.media
poligonmedia.io
polit.info
polit.ru
politexpert.net
political.am
politico.com
politico.eu
politis.com.cy
politros.com
ponisha.ir
porn.com
pornburst.xxx
pornhd.com
pornoelena.net
pornolab.net
pozirk.online
pps.whatsapp.net
pr-belarus.org
prajdzisvet.org
pravda.com
pravda.com.ua
pravdamaterinstva.org
premaritalsex.info
president.gov.ua
pressorg24.com
pri.org
prismatica.community
privateinternetaccess.com
privatevpn.com
pro-life.by
proekt.media
professionali.ru
progomel.by
projectbaseline.com
projectveritas.com
prolife.com
propastop.org
prosleduet.media
prostitutkiminsk.org
protokol.band
proton.me
protonvpn.com
protonvpn.net
protothema.gr
protv.ro
provokator.com.ua
proxify.com
proxy.org
proxyarab.com
pscp.tv
psiphon.ca
psyplants.info
publico.pt
publika.uz
purevpn.com
push.apple.com
pushkindol.ru
putin-itogi.ru
putinbog.wordpress.com
pyramidseeds.com
qha.com.ua
qomefarda.ir
quantico.marines.mil
queerintheworld.com
queerty.com
quora.com
radioaurora.am
radiofarda.com
radiofrance.fr
radiomarsho.com
radiosvoboda.org
radiozamaneh.com
raha680.blogfa.com
rahesabz.net
rahvar120.ir
rai.it
rainews.it
ran.org
ranginkaman24.online
rapidgator.net
rargb.to
rasanegar.com
razhavaniazha.com
rbc.ua
rdo.rs
re-russia.net
realjock.com
redkollegia.org
redmp3.su
redshieldvpn.com
reefclubcasino.com
reference.bahai.org
reform.news
reforum.io
reporter-ua.com
reprolegalhelpline.org
repubblica.com
repubblica.it
rescue.org
rescue.sitiits.com
resilio.com
rezapahlavi.org
rferl.org
rfi.fr
rhr.org.il
riafan.ru
riftgame.com
risebroadband.com
riseup.net
risk-inform.com
rivalo.com
riverbelle.com
rnbo.gov.ua
rojadirecta.me
rollenspiel.chat
rollitup.org
romb.tv
roombedivar.com
rosdep.org
rosguard.gov.ru
roskomsvoboda.org
royalvegas.com
rsf.org
rsml.med.by
rtarf.mi.th
rte.ie
rti.org.tw
rtp.pt
rtve.es
ru-news.us
ru.baku.ws
ru.bellingcat.com
ru.belsat.eu
ru.krymr.com
ru.rfi.fr
rueconomics.ru
rumble.com
run.ooni.org
rupor.info
rureporter.com
rus.azathabar.com
rus.azattyq.org
rus.delfi.ee
rus.ozodi.org
rus.ozodlik.org
rusmonitor.com
rusnsn.info
rusplt.ru
rutor.info
rutor.org
rutracker.org
sabah.net.my
safe2choose.org
sahelien.com
sahilonline.org
sakharov.world
salam.ir
samaa.tv
samatak.com
samesexmarriage.ca
samizdatonline.org
sasapost.com
saverudata.online
sayt.ws
sbobet.com
sbs.com.au
scarleteen.com
schwingen.net
sci-hub.se
scontent-ams4-1.cdninstagram.com
scontent-frt3-2.cdninstagram.com
scontent-vie1-1.cdninstagram.com
scontent.cdninstagram.com
scontent.xx.fbcdn.net
search.aol.com
search.com
searchindia.com
seasonvar.ru
secfirst.org
seclists.org
secure.avaaz.org
seed4.me
seedoff.zannn.top
seedoff4.innal.top
segodnya.ua
semnasem.org
serialu.club
severreal.org
sex.com
seznamzpravy.cz
sfsi.org
shahrvand-yar.com
shahvani.site
shahvatsaraa.com
shaman.aha.ru
share.america.gov
shenoto.com
shia.org
shockmodels.info
shomalnews.com
shop.mts.by
shram.kiev.ua
shroomery.org
shtab.navalny.com
shura.gov.sa
sibmo.ir
sibreal.org
skai.gr
skat.media
skiff.com
slideshare.net
slotland.com
slovodel.com
sme.sk
smoot.apple.com
snanews.de
snapchat.com
sobor.by
socom.mil
softlayer.com
sook.ir
sota.vision
sotaproject.com
sotnik-tv.com
soundcloud.com
southcom.mil
southfeministfutures.org
sovanews.tv
speedify.com
speedtest.net
spektr.press
spideroak.com
spiegel.de
spincasino.com
spinpalace.com
sportingbet.com
sportingbull.com
sports.betway.com
sports.bwin.com
sportsinteraction.com
spring96.org
sprotyv.info
sputnikipogrom.com
srgssr.ch
ssd.eff.org
stalker2.com
startmail.com
static.cdninstagram.com
static.xx.fbcdn.net
staticxx.facebook.com
status.im
stds.ir
steam.com
stepanov2021.org
stirileprotv.ro
stl-tsl.org
stonewall.org.uk
stopfake.org
storm.mg
story.te-st.org
straitstimes.com
strana.ru
stratcom.mil
streetmeatasia.com
subwaysurfersgame.io
sunshine.by
surfshark.com
svaboda.org
sverigesradio.se
svoboda.org
svt.se
svtv.org
svyaznoy.ru
sweetfern.net
swi.ir
swisscows.email
swissinfo.ch
synapse.bark.lgbt
synapse.hyteck.de
t.co
t.me
tachyon.eco
tadbir24.ir
takiedela.ru
tango.me
tapesh.com
tarpit.fun
tasna.ir
tayga.info
tchrd.org
te-st.org
teachers-union.ru
team29.org
technorati.com
teenhealthfx.com
telegra.ph
telegraf.com.ua
telegraf.news
telegram.me
telegram.org
telegraph.co.uk
temp-mail.org
teologia.fi
terrorism-info.org.il
tert.am
textsecure-service-ca.whispersystems.org
tf1info.fr
the-apothecary.club
the-village.online
the-village.ru
thebell.io
thegamer.com
thegooddrugsguide.com
theins.press
theins.ru
theinternationallegion.org
thelotter.com
them.us
themoscowtimes.com
thenewtab.io
theothersby.org
thepiratebay.org
thepolitics.ru
thesierraleonetelegraph.com
thestandard.com.hk
thestar.com.my
thetaskforce.org
thetrevorproject.org
thetruestory.news
theworld.org
threema.ch
thunder.free-signal.com
thz7.net
tic.ir
ticacc.ir
time-ios.apple.com
time-macos.apple.com
time.apple.com
timesofmalta.com
tinder.com
titre1.ir
tjournal.ru
tochka.net
topnaz.com
tor.eff.org
torkbrand.ir
torontovka.com
torproject.org
torrent.by
towleroad.com
trac.torproject.org
transequality.org
transjaund.de
transparency.org
transparency.org.ru
travelgay.com
trendsmap.com
trigup.com
trisquel.info
trtworld.com
trud.org
trulyafrican.com
trust.zone
trv-science.org
tse.ir
tsetmc.com
tsn.ua
tubesafari.com
tubev.sex
tunnelbear.com
turbobit.net
turbovpn.com
tushkan.club
tuta.com
tutanota.com
tuzinfm.by
tvmnews.mt
tvnet.lv
tvr.by
tvrain.ru
tvrain.tv
tw.appledaily.com
twitter.com
tx.me
typepad.com
ua-today.com
ua.korrespondent.net
ua.krymr.com
ua.tribuna.com
uacrisis.org
uainfo.org
uapolitics.com
udf.name
udikov.com
uhrp.org
ukraine.ua
ukrinform.ua
ultrasurf.us
unfe.org
unian.info
unian.net
unibet.com
unicef.com
unico-org.com
uninterest.ing
uniongang.net
unn.com.ua
unrussia.ru
unsplash.com
untappd.com
upinja.com
uplo.ir
upload.appleschoolcontent.com
upload.twitter.com
upogau.org
upr-info.org
uproxy.org
urban-vpn.com
urduvoa.com
usa.one
usafa.af.mil
user.chollian.net
usrf.us
ust-kut24.com
usuarios.lycos.es
utro02.tv
utronews.org
uupload.ir
uyghurpress.com
uznews.uz
uzreport.news
uzreport.uz
uzxalqharakati.com
v-variant.com.ua
v.qq.com
vaislamah.com
vanguardnewsnetwork.com
varzesh3.com
vauva.fi
vazeh.com
vector.im
veepn.com
verstka.media
vesma.today
vesselthefilm.com
viber.com
vice.com
victoryinstitute.org
video.cdninstagram.com
video.twimg.com
virgool.io
visaginas.lt
vitebskspring.org
vitk.com.ua
vizor-games.com
vkurier.by
vlasti.net
voachinese.com
voanews.com
voatibetan.com
voiceofbelarus.org
voka.tv
vot-tak.tv
votvot.tv
vozrojdenie.crimea.ua
vpn-api.proton.me
vpngate.net
vpngen.org
vpnguild.org
vpnlove.org
vpnproxymaster.com
vpnredcat.com
vpsgol.net
vseti.by
vyprvpn.com
war.hvylya.net
wargaming.com
wartani.com
wasabiwallet.io
washingtonpost.com
watech.ir
we.riseup.net
wearerepost.com
weareukraine.info
web.facebook.com
webmoneycasino.com
webneveshteha.com
wedo.org
weedmaps.com
well.com
werteunion.de
whatsapp.com
whatsislam.com
wickr.com
wikianime.club
wikileaks.org
williamhill.com
windscribe.com
womanadvice.ru
womeninblack.org
womenonwaves.org
womenonweb.org
wonderzine.com
wordpressify.ru
world.comments.ua
worldcoalition.org
worldhealth.net
worldofseeds.com
worldsex.com
worldwildlife.org
wotanjugend.info
wpengine.com
wpsho.com
write.as
wrldrels.org
wsjournal.ru
wwf.panda.org
www2.illinois.gov
x.com
xanga.com
xbabe.com
xbet-3.com
xbet-5.com
xda-developers.com
xgay.ru
xhamster.com
xnxx.com
xs.gay.ru
xs.uz
xvideos.com
xvidzz.com
xxx.lanl.gov
xxxbunker.com
y2mate.com
yekupload.ir
yemenat.net
yerkir.am
yerkirmedia.am
yle.fi
ynet.co.il
yocity12.com
youjizz.com
youporn.com
yourbittorrent.com
youtu.be
youtube.com
yt3.ggpht.com
yuemei.com
yummyanime.org
z-lib.org
zagony.ru
zamin.uz
zananemrooz.com
zaobao.com
zaobao.com.sg
zaprava.ru
zarinpal.com
zasekin.ru
zaxid.net
zbsb.info
zbsunion.org
zdg.md
zeit.de
zenmate.com
zerkalo.az
zerkalo.io
zh.amnesty.org
zh.bitterwinter.org
zh.moegirl.org.cn
zhurnal.lib.ru
zili.ir
znak.com
znopr.ru
zona.media
zubr.media
zula.ir
