1337x.st
1337x.to
15min.lt
15minut.org
1lurer.am
1news.az
1plus1.ua
1tv.am
1xbet.by
200rf.com
20khvylyn.com
20speed.co
21vek.by
24chasa.bg
24tv.ua
2ip.ru
2xq.ir
4chan.org
4everproxy.com
4online-gambling.com
520hack.com
5element.by
888casino.com
9tv.co.il
a-sadov.livejournal.com
a1.by
a1plus.am
abbabusiness.org
abc.net.au
abs.twimg.com
academictorrents.com
access-unlocked.org
account.proton.me
activatica.org
activecloud.by
ad.nl
adambarfii.com
adguard-vpn.com
adguard.com
adl.hayway.org
advocate.com
advox.globalvoices.org
adyannet.com
aeenebahai.org
aejournal.ir
afifnp.com
afisha.relax.by
afn.by
afp.com
afpforum.com
afterellen.com
agenceurope.eu
agents.media
agentura.ru
aghatehrani.ir
agora.legal
aids.ir
airvpn.org
aja.ir
alef.ir
alhayat.com
alhurra.com
aliakbarnaseri.ir
alice-vpn.com
allrus.news
allthefallen.moe
almeshkat.net
alraynews.net
americannaziparty.com
amerikaovozi.com
amiab.am
aminsabeti.net
amnesty.org
amnesty.org.ru
amnezia.org
anaween.com
anidalton.blogfa.com
anime-portal.ru
animedub.ru
animelib.me
animevost.tv
annas-archive.org
anonfiles.com
anonymizer.ru
anonymouse.org
anonymox.net
antikor.com.ua
antivigilancia.org
antizapret.prostovpn.org
api.protonvpn.ch
aplaycasino.com
apollo.lv
aport.ru
app.wire.com
arablounge.com
archive.is
archiveofourown.org
armenialiberty.am
armenianchurch.org
armhels.com
armtimes.com
army.mil
artcenter.by
arte.tv
article19.org
artsy.net
asekose.am
ashemaletube.com
asl19.org
asre-nou.net
atlaspress.news
atr.ua
avairan.com
avatech.ir
avtonom.org
avtovelomoto.by
avtovopros.by
avtozak.info
aws.amazon.com
azadiradio.com
azadliq.org
azathabar.com
azatliq.org
azattyk.org
azattyq.org
azattyqasia.org
azatutyun.am
azatutyun.net
b1tv.ro
babook.org
backblaze.com
backstage-api.com
badoo.com
baikal-journal.ru
baj.media
bama.ir
bankir.ru
baskino.me
bazaremali.com
bazrpash.ir
bbc.co.uk
bbc.com
bbcazeri.com
bbckyrgyz.com
bbcrussian.com
bbm.com
bbs.myhack58.com
beacondb.net
beeg.com
beer.com
behdashtmohit.com
beian.gov.cn
belarusians.nl
belhumanrights.house
bellingcat.com
bellit.info
belsat.eu
belsat.pl
belstat.gov.by
berbidvps.ir
berlingske.dk
besthost.by
betfair.com
betonmobile.by
betternet.co
betway.com
beyondexgay.com
bglad.com
bgmedia.site
bi.org
bielarus.net
bigcinema-hd.me
bigmir.net
biladi-sa.com
bing-amp.com
bionet.am
bitchute.com
bitcoin.org
bitfinex.com
bitmask.net
bk.by
blackberry.com
blackseanews.net
blackseango.org
blackseatv.com
blancvpn.com
blestfamily.com
blockdx.co
blog.ir
blogs.voanews.com
blogsky.com
blued.com
bluehost.com
bluesystem.ru
boerse.to
boingboing.net
bok-o-bok.com
bok-o-bok.ru
bolshoibelarus.by
bonprix.ru
bp.com
brama.online
bravoporn.com
brazino777.by
brestcity.com
briarproject.org
brick.blogfa.com
bride.ru
bridges.torproject.org
browsec.com
bseu.by
bsky.app
bsw-vg.de
btbit.org
btcchina.com
budzma.org
buheshiyi.com
bumble.com
bumingbai.net
bundesverband-trans.de
business-gazeta.ru
businessweekly.com.tw
by.cpartisans.org
by.entimby.site
by.tribuna.com
bybanner.com
bysol.org
cactusvpn.com
caffecinema.com
caihongto.com
caixin.com
cameleo.xyz
camsoda.com
cannaweed.com
carnegie.ru
carnegieendowment.org
casino.com
casinotropez.com
catalyst.org
caucasustimes.com
ccel.org
ccli.ir
cctvhikvision.center
cdn-client.medium.com
cdn.fbsbx.com
cdn.myanimelist.net
cdp1998.org
cecc.gov
ceno.app
censor.net
censor.net.ua
censorship.no
censortracker.org
ceskatelevize.cz
charitum.com
charity.foodblockchain.com.cn
charter97.org
chat.in-the.eu
chat.nuvon.app
chat.privittytech.com
chat.sus.fr
chat.vim.wtf
chat.zashm.org
chatmail.au
chatmail.culturanerd.it
chatmail.email
chatmail.woodpeckersnest.space
chatserver.hashi.sbs
chatzy.ir
cherta.media
chess.com
chika.aangat.lahat.computer
china-moutai.com
china.usembassy-china.org.cn
chinadigitaltimes.net
chinaqna.com
chinese.aljazeera.net
chinesebookonline.com
chpoking.ru
christianitytoday.com
chronicles.media
chtml.ca
church.by
church.ua
cia.gov
cinemajournal.ir
cloudvps.by
cn.nytimes.com
cnews.fr
cock.li
codal.ir
codeinfarsi.org
collegehumor.com
colta.ru
complex-life.blog.ir
compromat.ru
converser.eu
coocheh.com
cool.bbsgayru17.com
coursera.org
cpanel.ir
cpj.org
crazygames.com
crimea-news.info
cryptpad.fr
cseindia.org
csis.org
ctdsb.cnhubei.com
culture.taiwan.cn
current-time.gitlab.io
currenttime.tv
cwtch.im
cyberghostvpn.com
cyberhub.am
cyberpolice.ir
cyprus-mail.com
cyprustimes.com
d.gaufr.es
d2dj0qptshsals.cloudfront.net
dailymotion.com
danneskjold.de
darkrun.dev
darpa.mil
day.kyiv.ua
daymohk.org
ddosecrets.com
deal.by
deathmetal.org
deeprism.com
defcad.com
dehnamaki.blogfa.com
delbara.com
delfi.ee
delo.ua
delta.thelab.uno
demokracija.eu
demokracija.si
dennikn.sk
depo.ua
deti-404.com
dev.ua
deviantart.com
dia.mil
dialog.ua
diary.ru
diena.lv
digi24.ro
digionline.ir
digitalocean.com
digitalskills.by
digitrain.ir
diplomaticsecondpassport.com
dit.whatsapp.net
divar.ir
dmnazarimehr.blogfa.com
dns.adguard.com
doh-fi.blahdns.com
doh.centraleu.pi-dns.com
dolatebahar.com
donbass.ua
dongtaiwang.com
donpress.com
doovi.com
doski.ru
dossier.center
doubleclick.net
dovod.online
doxa.team
doxajournal.ru
dr-azizi.ir
dreamhost.com
dron.media
drsoleimani.ir
drtala.com
drugs-forum.com
dsae.by
dsau.dp.ua
dw.com
dwelle.eu
dytt8.net
e-hentai.org
e2ee.im
e2ee.wang
ecequality.org
echo.msk.ru
echofm.online
eclipso.de
ecohome.ngo
ecoidea.me
economics.basnet.by
edge-chat.instagram.com
edge-mqtt.facebook.com
editorials.voa.gov
efe.com
eghtesadban.com
ehda.sbmu.ac.ir
ehorussia.com
ej.ru
ekhokavkaza.com
elections2020.spring96.org
elhosting.ru
elmundo.es
elpais.com
elpha.com
eluniversal.com
emeil.ir
emruznews.com
epravda.com.ua
epress.am
equaldex.com
equalit.ie
equalitie.org
erowid.org
err.ee
ert.gr
ertnews.gr
espreso.tv
estjt.ir
eu-objective.online
euobserver.com
eurasia.amnesty.org
eurasianet.org
euronews.com
europeanbelarus.org
euroradio.fm
eventbrite.com
ex-press.live
exitinternational.net
exmormon.org
expresso.pt
expressvpn.com
external.xx.fbcdn.net
eztv.ag
eztv.re
f-secure.com
fa.rezapahlavi.org
facebook.com
factograph.info
fadaian.org
fakty.ua
familyequality.org
faraso.org
faridmod.blogfa.com
farsi.euronews.com
farsimed.ir
fast-die.github.io
fast-die.kiev.ua
fast-torrent.ru
fastcomet.com
fastmail.com
faz.net
fbcdn.net
fbk.info
feedtheminds.org
ferdowsiaccelerator.ir
fergana.agency
fergana.news
fergananews.com
ficbook.net
fidh.org
filex.com
flagshtok.info
flashkhor.com
flibusta.is
focus.ua
fonbet.by
foreignaffairs.com
fortanga.org
forum.mhut.org
forum.torproject.net
forum.torproject.org
fotostrana.ru
fozoolemahaleh.com
fr.de
fr.gov.by
frant.me
frc.org
freecity.lv
freedomhouse.org
freemedia.io
freespeechdebate.com
freevpnplanet.com
fri-gate.org
fromuz.com
fsf.org
ftchinese.com
fuckingfreemovies.com
funpatogh.com
furryrefuge.com
gab.com
gadget-bar.ru
gagadget.com
galasla.org
gambling.com
gamedev.by
gamesky.ir
gay.kz
gaycity.love
gaymenshealth.org
gayroom.com
gayscape.com
gazeta.ua
gazeta.uz
gazetaby.com
genderdysphoria.fyi
geph.io
getlantern.org
getoutline.org
getpocket.com
gigfa.com
gijn.org
girlintim.com
glaad.org
glasnaya.media
glavcom.ua
glavnoe.in.ua
glavnoe.ua
glavpost.com
glavred.info
globalgiving.org
globalnetworkinitiative.org
globalvoices.org
glsen.org
go-krit.com
godaddy.com
goldenpalace.com
goldenrivieracasino.com
goldfishka.ru
golos-ameriki.ru
golos-kubani.ru
golosamer.gitlab.io
golosameriki.com
golosinfo.org
golosislama.com
goodreads.com
google.com.hk
gorgij.net
gorz.ir
gotgayporn.com
gpress.info
grammarly.com
grand-casino0.com
grandcasino.by
graniru.org
granma.cu
greenbelarus.info
greenpeace.org
grindr.com
grindr.mobi
gsc-game.com
gsm.ir
guardster.com
gubernia.media
haamash.wordpress.com
haftir.ir
hamamoun.org
hamkhone.ir
hamsayegan.com
harasswatch.com
harbarg.com
hardsextube.com
hasatoday.com
hateit.ru
hb.by
hbr.org
hdl.handle.net
healthcare.by
hejtstop.pl
helpdesk.media
hemid.com
hetq.am
hetzner.com
hhk.am
hi.sapp.ir
hide.me
hidemy.name
hidemyass.com
hifc.ir
hightimes.com
hiv.gov
hivsti.com
hizb-ut-tahrir.org
hizb-uzbekiston.info
hkbookcity.com
hkleaks.ru
hkoutlanders.com
hleb.asia
hochuzhit.com
hola.org
holakoueearchive.co
holod.media
homayounshajarian.blogfa.com
honduras.com
hornet.com
hosseinsanapour.blogfa.com
hostfly.by
hostgator.com
hot-chilli.im
hotgaylist.com
hotspotshield.com
howtogrowmarijuana.com
hraicp.org
hram.by
hrc.org
hrf.org
hromadske.ua
hrw.org
hrwf.eu
hs.fi
humanconstanta.org
humanrights-ir.org
humanrightsfirst.org
humanrightshouse.org
hunafa.com
hunchak.org.au
hustler.com
hyesingles.com
i-store.by
i.gr-assets.com
i.instagram.com
i2p2.de
i2pd.website
iaru.org
ichkeria.info
ici.radio-canada.ca
ictt.by
idelreal.org
idemocracy.asia
iditelesom.org
iew.ir
ifb.ir
ikhwanonline.com
ilga.org
iltalehti.fi
im0-tub-com.yandex.net
imagisphe.re
imrussia.org
independent.com.mt
independent.ie
indiegamesplus.com
indiewatch.net
inetprivacy.com
inforeactor.ru
information.dk
informationsverige.se
informator.ua
insecure.org
instacart.com
instagram.com
instagram.fsaw1-13.fna.fbcdn.net
instructions.peaceplea.org
inv.nadeko.net
investigator.org.ua
invidious.f5.si
ioas.ac
ionos.com
ipfs.io
ipvnews.org
ir.voanews.com
iranian.com
iranianstoday.com
iranjavan.com
iranjewish.com
iranled.com
iranmatlab.ir
iranx.net
irarz.com
irenex.ir
iri.org
irishtimes.com
is.fi
ishr.ch
islam.plus
islamage.com
islamdin.com
islamhouse.com
islamqa.info
islamqt.com
isna.ir
istories.media
itarmy.com.ua
itbazar.com
itgetsbetter.org
itresan.com
itsmycity.ru
jackpotcitycasino1.com
jahforum.org
jasjoo.com
jebhemelli.net
jense-akhar.persianblog.ir
jensiat.io
jewe.ir
jewish.am
jingdaily.com
journlab.online
jpgazeta.ru
jsf.mil
judaism.com
jungefreiheit.de
juof7.com
justassociates.org
justmysocks1.net
jw.org
kafanews.com
kaiwind.com
kala724.net
kalashnikov-seeds.com
kaleidoscopetrust.com
kaleme.com
kaliboys.com
kalinouski.org
kamatera.com
kamikadze-d.net
karinovin.com
kasparovru.com
kasyanov.ru
kat.am
katcr.to
kavkaz-uzel.eu
kavkaz.tv
kavkazcenter.com
kavkazr.com
kavkazweb.net
kcna.kp
khilafah.net
khodorkovsky.ru
khosq.am
kickassclassical.com
kickasstorrents.to
kidshealth.org
kinobolt.ru
kinogoo.cc
kinokrad.co
kinozal.tv
kiwifarms.net
kmoun.info
kmu.gov.ua
knack.be
knews.kg
kommersant.ru
kosa.media
krinica.org
krymsos.com
kryscina.com
kufar.by
kultura.by
kupalauski.by
kurdistanhumanrights.org
kuzpress.ru
la-croix.com
la7.it
lambdalegal.org
lantern.io
lastampa.it
lawtrend.org
lb.ua
ldpb.by
legalizer.cc
lemmy.ml
lemonde.fr
lentachel.ru
leonidvolkov.ru
lesbiansubmission.com
levif.be
lexpress.fr
lezsmeeting.com
lgbt.foundation
lgbtnet.org
lgbtqia.space
lgbtqnation.com
lgbtru.com
lgbtvacationplanners.com
lib.rus.ec
liberation.fr
libereco.org
libgen.fun
libgen.is
libgen.lc
libgen.li
libgen.life
libgen.me
libgen.rs
libgen.space
libgen.st
liga.net
limetorrents.lol
limetorrents.pro
limonka.nbp-info.com
limoo.host
line.me
lingo.com
linkedin.com
linktr.ee
lioncomputer.com
listock.ru
livejasmin.com
liveleak.com
livemy.info
liveuamap.com
login.by
lokinet.org
lookaside.facebook.com
lostfilm.tv
lotoru.com
lratvakan.am
lrt.lt
lrytas.lt
lsm.lv
luckynugget.com
lyrikline.org
m.youtube.com
madar365.com
madyariran.net
mahak-charity.org
mahshar.com
maidan.org.ua
mail.iran.ir
mail.proton.me
mailchat.pl
mailchi.mp
mailfa.com
majlis.ir
makeout.space
malanka.media
maltatoday.com.mt
manas.news
manhub.com
map.sogou.com
mapmiao.com
marathonbet.by
marde-rooz.com
marxist.news
marzeporgohar.org
mask-h2.icloud.com
mask.icloud.com
mastodon.social
matrix-client.matrix.org
matrix.archaeo.social
matrix.catgirl.cloud
matrix.communick.com
matrix.digitalprivacy.diy
matrix.electrologic.org
matrix.federated.nexus
matrix.frei.chat
matrix.fsfe.org
matrix.norge.chat
matrix.oblak.be
matrix.pub.solar
matrix.secure-channel.net
matrix.tchncs.de
matrix.to
matters.news
matters.town
mayday.health
mbk-news.appspot.com
mbk.news
mcclgbt.com
mdif.org
mdz-rus.github.io
med.by
meddaily.ru
media-arn2-1.cdn.whatsapp.net
media.fevn1-1.fna.whatsapp.net
medianet.kz
mediapatriot.ru
mediapoint.am
mediapool.bg
mediazona.ca
mediazonaby.com
medinkur.ru
medium.com
meduza.io
meendo.net
meet.google.com
megaproxy.com
megatfile.cc
megatv.com
mehl.cloud
mehrabane.ir
mehrnews.com
memo.ru
messenger.com
metal-archives.com
metart.com
mfa.gov.ua
mhg.ru
mideast.ru
mignews.ua
mihanblog.com
milfhunter.com
miliao.com
militant.zone
milli-mejlis.blogspot.com
minda.by
minds.com
minjust.net
minval.az
minzdrav.gov.by
miro.medium.com
mirror.cyberbits.eu
mmg.whatsapp.net
mnr.gov.cn
mod.gov.sa
molina.ir
mostmedia.io
motolko.help
movie4k.to
moviesarena.com
moz.gov.ua
mp3.com
mp3quran.net
mr90.ir
mrdeepfakes.com
mstdn.jp
mtux.nl
mullvad.net
music.youtube.com
musicema.com
musixmatch.com
mv.ecuo.org
myc.news
myrotvorets.center
myspace.com
naba-news.com
namba.kz
name.am
narkotiki.ru
nash-sever.info
nashaniva.com
nation-news.ru
nationalgeographic.com
navalny.com
navi.gg
nayrika.com
nazarene.org
nazk.gov.ua
nclrights.org
ndi.org
ned.org
negahjonoubirannews.ir
net.tebyan.net
network.newsensations.com
networksolutions.com
nevnov.ru
nevzorov.tv
new-rutor.org
newbelarus.com
newgrodno.by
newinform.com
newnownext.com
news.bahai.org
news.google.com
news.liga.net
newsmaker.md
newsmaven.io
newsru.com
newsweek.com
newtime.ua
newtimes.ru
nex1music.ir
nexta.tv
nextmail.ru
ngocn.net
nibblehole.com
nikk.agency
nine.testrun.org
niniweblog.com
nnmclub.to
noblockme.ru
nomer-org.website
noorasec.com
nope.chat
nordvpn.com
nos.nl
notvpn.io
nova24.si
nova24tv.si
novaya.no
novayagazeta.ee
novayagazeta.eu
novayagazeta.ru
novayapolsha.com
novayapolsha.eu
novayapolsha.pl
novychas.online
nr2.com.ua
nrc.nl
nrdc.org
nsec.ir
ntc.party
nv.ua
o-zine.ru
obozrevatel.com
observador.pt
observers.rfi.fr
occrp.org
ochevidcy.com
oct.by
odysee.com
oe24.at
oeek.pl
officelife.media
ombuds.am
omct.org
omen.ru
omsk.com
omvesti.ru
onemorelesbian.com
onlinegambling.com
onlineserver.ir
onwh.51rry.com
ooni.torproject.org
openglobalrights.org
openlynews.com
openmedia.io
openrussia.org
opensanctions.org
opensea.io
opensocietyfoundations.org
openuni.io
or.team
orbot.app
orf.at
ortho-rus.ru
otbm.com
out.com
ovdinfo.org
oxfam.org
ozodlik.org
pa.azadiradio.com
paac.ir
padafand.aja.ir
panel.limoo.host
panties.com
pap.pl
paperpaper.io
papervpn.io
paralleleconomy.com
parniplus.com
parsi.euronews.com
parsiblog.com
parspack.ir
partypoker.com
partypoker.net
paskoocheh.com
patreon.com
pawoo.net
pay.ir
pbs.twimg.com
pcnews.ru
pdki.org
peaceplea.org
persian.kamangir.net
persianblog.ir
persiangig.com
pexels.com
peykeiran.com
pflag.org
phrack.org
pinknews.co.uk
pinme.ru
piter.fm
pixabay.com
pixiv.net
planeta.press
planetromeo.com
play.google.com
plug-mirror.rcac.purdue.edu
pm.by
pn14.info
pochta.ru
podcasty.polskieradio.pl
podrobnosti.ua
pof.com
pokerstars.com
police.ir
poligon.media
poligonmedia.io
polit.info
polit.ru
politexpert.net
political.am
politico.com
politico.eu
politis.com.cy
politros.com
ponisha.ir
pornoelena.net
pornolab.net
pozirk.online
pps.whatsapp.net
pr-belarus.org
prajdzisvet.org
pravda.com
pravda.com.ua
pravdamaterinstva.org
premaritalsex.info
president.gov.ua
pressorg24.com
pri.org
prismatica.community
privateinternetaccess.com
privatevpn.com
pro-life.by
proekt.media
professionali.ru
progomel.by
prolife.com
propastop.org
prosleduet.media
prostitutkiminsk.org
protokol.band
proton.me
protonvpn.com
protothema.gr
protv.ro
provokator.com.ua
proxify.com
proxy.i2phides.me
proxy.org
psiphon.ca
psyplants.info
publico.pt
publika.uz
purevpn.com
pushkindol.ru
putin-itogi.ru
putinbog.wordpress.com
pyramidseeds.com
qha.com.ua
qomefarda.ir
queerintheworld.com
queerty.com
quora.com
radioaurora.am
radiofarda.com
radiofrance.fr
radiomarsho.com
radiosvoboda.org
radiozamaneh.com
raha680.blogfa.com
rahesabz.net
rahvar120.ir
rai.it
rainews.it
ranginkaman24.online
rapidgator.net
rargb.to
rasanegar.com
razhavaniazha.com
rbc.ua
rdo.rs
re-russia.net
redkollegia.org
redshieldvpn.com
reference.bahai.org
reform.news
reforum.io
reporter-ua.com
repubblica.com
repubblica.it
rescue.org
rescue.sitiits.com
resilio.com
reymit.ir
rezapahlavi.org
rferl.org
rfi.fr
riafan.ru
risebroadband.com
riseup.net
risk-inform.com
riverbelle.com
rnbo.gov.ua
roblox.com
rollenspiel.chat
rollitup.org
romb.tv
roombedivar.com
rosdep.org
roskomsvoboda.org
royalvegas.com
rsf.org
rsml.med.by
rte.ie
rti.org.tw
rtp.pt
rtve.es
ru-news.us
ru.baku.ws
ru.bellingcat.com
ru.belsat.eu
ru.krymr.com
ru.rfi.fr
ru.yahoo.com
rueconomics.ru
rumble.com
run.ooni.org
rupor.info
rureporter.com
rus.azathabar.com
rus.azattyq.org
rus.delfi.ee
rus.ozodi.org
rus.ozodlik.org
rusmonitor.com
rusnsn.info
rusplt.ru
rutor.info
rutor.org
rutracker.org
sakharov.world
salam.ir
samatak.com
samesexmarriage.ca
samizdatonline.org
saverudata.online
sayt.ws
sbobet.com
scarleteen.com
schwingen.net
sci-hub.se
scontent-ams4-1.cdninstagram.com
scontent-frt3-2.cdninstagram.com
scontent-vie1-1.cdninstagram.com
scontent.cdninstagram.com
scontent.xx.fbcdn.net
search.aol.com
search.com
searchindia.com
secfirst.org
seclists.org
secure.avaaz.org
seed4.me
seedoff.zannn.top
seedoff4.innal.top
segodnya.ua
semnasem.org
sendspace.com
serialu.club
severreal.org
sex.com
seznamzpravy.cz
sfsi.org
shahvani.site
shahvatsaraa.com
shaman.aha.ru
shamash.org
shanghai.ist
share.america.gov
shenoto.com
shia.org
shockmodels.info
shomalnews.com
shop.mts.by
shram.kiev.ua
shroomery.org
shtab.navalny.com
shura.gov.sa
sibmo.ir
sibreal.org
skai.gr
skat.media
skiff.com
slate.com
slideshare.net
slotland.com
slovodel.com
sme.sk
snanews.de
snapchat.com
sobor.by
socom.mil
softlayer.com
sook.ir
sota.vision
sotaproject.com
sotnik-tv.com
soundcloud.com
southfeministfutures.org
sovanews.tv
speedify.com
speedtest.net
spektr.press
spideroak.com
spiegel.de
spinpalace.com
sportingbet.com
sportsinteraction.com
spring96.org
sprotyv.info
sputnikipogrom.com
srgssr.ch
ssd.eff.org
stalker2.com
startmail.com
static.cdninstagram.com
static.xx.fbcdn.net
staticxx.facebook.com
stds.ir
steam.com
stepanov2021.org
stirileprotv.ro
stonewall.org.uk
stopfake.org
storm.mg
story.te-st.org
strana.ru
subwaysurfersgame.io
sunshine.by
surfshark.com
svaboda.org
sverigesradio.se
svoboda.org
svt.se
svtv.org
svyaznoy.ru
sweetfern.net
swi.ir
swisscows.email
swissinfo.ch
synapse.bark.lgbt
synapse.hyteck.de
t.co
t.me
tachyon.eco
tadbir24.ir
takiedela.ru
tango.me
tapesh.com
tarpit.fun
tasna.ir
tayga.info
tchrd.org
te-st.org
teachers-union.ru
team29.org
technorati.com
teenhealthfx.com
telegra.ph
telegraf.com.ua
telegraf.news
telegram.me
telegram.org
telegraph.co.uk
temp-mail.org
tert.am
test-ipv6.com
tf1info.fr
the-apothecary.club
the-village.online
the-village.ru
thebell.io
thegamer.com
thegooddrugsguide.com
theins.press
theins.ru
theinternationallegion.org
them.us
themoscowtimes.com
thenewtab.io
theothersby.org
thepiratebay.org
thepolitics.ru
thestandard.com.hk
thetaskforce.org
thetrevorproject.org
thetruestory.news
theworld.org
threema.ch
thunder.free-signal.com
tic.ir
ticacc.ir
timesofmalta.com
tinder.com
titre1.ir
tjournal.ru
tochka.net
topnaz.com
tor.eff.org
torkbrand.ir
torontovka.com
torproject.org
torrent.by
trac.torproject.org
transequality.org
transjaund.de
transparency.org
transparency.org.ru
travelgay.com
trendsmap.com
trigup.com
triller.co
trisquel.info
trud.org
trust.zone
truthnet.org
trv-science.org
tse.ir
tsetmc.com
tsn.ua
tunnelbear.com
turbobit.net
turbovpn.com
tushkan.club
tuta.com
tutanota.com
tuzinfm.by
tvmnews.mt
tvnet.lv
tvr.by
tvrain.ru
tvrain.tv
tw.appledaily.com
twitter.com
tx.me
typepad.com
ua.korrespondent.net
ua.krymr.com
ua.tribuna.com
uacrisis.org
uainfo.org
uapolitics.com
udf.name
udikov.com
uhrp.org
ukraine.ua
ukrinform.ua
ultrasurf.us
unfe.org
unian.info
unian.net
unicef.com
unico-org.com
uninterest.ing
uniongang.net
unn.com.ua
unrussia.ru
unsplash.com
untappd.com
upinja.com
uplo.ir
upload.twitter.com
upogau.org
upr-info.org
urban-vpn.com
urduvoa.com
usa.one
usrf.us
ust-kut24.com
utro02.tv
utronews.org
uupload.ir
uyghurpress.com
uznews.uz
uzreport.news
uzreport.uz
uzxalqharakati.com
v.qq.com
vaislamah.com
vanguardnewsnetwork.com
varzesh3.com
vazeh.com
vector.im
veracrypt.fr
verstka.media
vesma.today
vesselthefilm.com
viber.com
vice.com
victoryinstitute.org
video.cdninstagram.com
video.twimg.com
virgool.io
visaginas.lt
vitaportal.ru
vitebskspring.org
vitk.com.ua
vizor-games.com
vkurier.by
vlasti.net
voachinese.com
voanews.com
voatibetan.com
voiceofbelarus.org
voka.tv
vot-tak.tv
votvot.tv
vozrojdenie.crimea.ua
vpn-api.proton.me
vpngate.net
vpngen.org
vpnguild.org
vpnlove.org
vpnproxymaster.com
vpnredcat.com
vpsgol.net
vseti.by
war.hvylya.net
wargaming.com
wasabiwallet.io
washingtonpost.com
watech.ir
we.riseup.net
wearerepost.com
weareukraine.info
web.facebook.com
webneveshteha.com
wedo.org
weedmaps.com
werteunion.de
whatsapp.com
whatsislam.com
wickr.com
wikianime.club
wikileaks.org
witness.org
womanadvice.ru
womeninblack.org
womenonwaves.org
wonderzine.com
wordpressify.ru
world.comments.ua
worldcoalition.org
worldofseeds.com
worldwildlife.org
wotanjugend.info
wpengine.com
wpsho.com
write.as
wrldrels.org
wsjournal.ru
wwf.panda.org
www2.illinois.gov
x.com
xanga.com
xda-developers.com
xgay.ru
xhamster.com
xnxx.com
xs.gay.ru
xs.uz
xvideos.com
xxx.lanl.gov
y2mate.com
yekupload.ir
yerkir.am
yerkirmedia.am
yle.fi
yocity12.com
youjizz.com
youporn.com
youtu.be
youtube.com
yt3.ggpht.com
yuemei.com
yummyanime.org
z-lib.org
zagony.ru
zamin.uz
zananemrooz.com
zaobao.com
zaobao.com.sg
zaprava.ru
zarinpal.com
zasekin.ru
zaxid.net
zbsb.info
zbsunion.org
zeit.de
zenmate.com
zerkalo.az
zerkalo.io
zh.amnesty.org
zh.bitterwinter.org
zh.moegirl.org.cn
zhurnal.lib.ru
zili.ir
znak.com
zona.media
zubr.media
zula.ir
