# Top-level domains
.ua

# For check
fast.com
showip.net

# Discord
dis.gd
discord-activities.com
discord-attachments-uploads-prd.storage.googleapis.com
discord.co
discord.com
discord.design
discord.dev
discord.gg
discord.gift
discord.gifts
discord.media
discord.new
discord.store
discord.tools
discordactivities.com
discordapp.com
discordapp.net
discordcdn.com
discordmerch.com
discordpartygames.com
discordsays.com
discordstatus.com

# Meta
cdninstagram.com
facebook.com
facebook.net
fb.com
fbcdn.net
fbsbx.com
ig.me
instagram.com
internalfb.com
llamameta.net
messenger.com
meta.com
oculus.com
sam2.metademolab.com
threads.net

# Twitter/X
ads-twitter.com
cms-twdigitalassets.com
periscope.tv
pscp.tv
t.co
tellapart.com
tweetdeck.com
twimg.com
twitpic.com
twitter.biz
twitter.com
twittercommunity.com
twitterflightschool.com
twitterinc.com
twitteroauth.com
twitterstat.us
twittr.jp
twtrdns.net
twttr.com
twttr.net
twvid.com
vine.co
x.com

# HDrezka
hd-rezka.tv
hdrezka.ac
hdrezka.ag
hdrezka.me
rezka-ua.in
rezka.ag
rezka.my
rezkify.com
voidboost.cc

# cloudflare
cdnjs.com
cloudflare.com
cloudflarestatus.com
one.one.one.one

# YouTube
ggpht.com
googlevideo.com
i.yting.com
jnn-pa.googleapis.com
returnyoutubedislikeapi.com
wide-youtube.l.google.com
youtu.be
youtube-nocookie.com
youtube-ui.l.google.com
youtube.com
youtubeembeddedplayer.googleapis.com
youtubei.googleapis.com
youtubekids.com
yt-video-upload.l.google.com
ytimg.com
ytimg.l.google.com

# Anime
3.animegood.icu
adultmult.tv
amedia.site
anilib.me
anilibria.org
anilibria.tv
anilibria.uno
anilibria.wtf
animaunt.org
anime-bit.org
anime-portal.su
anime777.online
animebest.org
animedia.tv
animego.online
animego.org
animekun.ru
animeonlinesu.net
animeshka.net
animespirit.ru
animestars.org
animeteatr.tv
animevost.in
animevost.org
anistar.org
anistars.ru
archiveofourown.org
bato.to
big-anime.ru
danbooru.donmai.us
delivery.2d.net.co
dorama.live
doramalive.ru
doramy.club
e621.net
ficbook.net
gelbooru.com
jut-su.net
jut.su
kara.su
kemono.su
mangadex.org
mangahub.ru
mangapark.net
mydoramy.club
shikimori.me
shiza-project.com
slashlib.me
smotretanime.ru
sovetromantica.com
vndb.org
yande.re
yummyani.me

# Porno
attachments.f95zone.to
chaturbate.com
coomer.su
eporner.com
etahub.com
hentai-foundry.com
hqporner.com
multporn.net
nhentai.com
nhentai.net
phncdn.com
phncdn.com.sds.rncdn7.com
playboy.com
pornhub.com
pornhub.org
porno666.link
pornolab.net
reddxxx.com
redgifs.com
rentry.org
rule34.art
rule34.xxx
rusvideos.net
sex-studentki.live
trahkino.me
vipergirls.to
xhamster.com
xhamsterlive.com
xhcdn.com
xnxx-cdn.com
xnxx.com
xnxx.net
xnxx.tv
xnxx3.com
xv-ru.com
xvideos-cdn.com
xvideos.com

# News
24.kg
9tv.co.il
activatica.org
agents.media
api.theins.info
arbat.media
azathabar.com
azattyq.org
bbc.co.uk
bbc.com
bbci.co.uk
bellingcat.com
bihus.info
blackseanews.net
cherta.media
colta.ru
currenttime.tv
cursorinfo.co.il
cyxymu.info
delfi.lt
delfi.lv
discours.io
dovod.online
doxa.team
dw.com
echofm.online
ej.ru
ekhokavkaza.com
euronews.com
euroradio.fm
eutrp.eu
expres.online
fn-volga.ru
fonge.org
fortanga.org
foxnews.com
freemedia.io
germania.one
golosameriki.com
grani.ru
graty.me
gulagu.net
holod.media
hs.fi
i.sakh.com
idelreal.org
important-stories.com
is.fi
istories.media
itsmycity.ru
kaktus.media
kasparov.ru
kavkaz-uzel.eu
kavkazr.com
kolsar.org
korrespondent.net
kovcheg.live
krymr.com
lamcdn.net
locals.md
mbk-news.appspot.com
mediazona.ca
meduza.io
merezha.co
metla.press
mignews.com
moscowtimes.ru
news.google.com
newsru.co.il
newsru.com
newtimes.ru
novaya.no
novayagazeta.eu
novayagazeta.ru
novy.tv
oi.legal
openmedia.io
opposition-news.com
ovd.info
ovd.legal
ovd.news
ovdinfo.org
ozodi.org
pap.pl
paperpaper.io
paperpaper.ru
polit.ru
politico.eu
politiken.dk
posle.media
postimees.ee
pravda.com
proekt.media
prosleduetmedia.com
provereno.media
r4.err.ee
radiosakharov.org
radiosvoboda.org
realist.online
republic.ru
rezonans.media
rferl.org
rima.media
roar-review.com
root-nation.com
roskomsvoboda.org
rus.delfi.ee
rus.jauns.lv
sakhalin.info
sakharovfoundation.org
semnasem.org
severreal.org
sibreal.org
skat.media
slavicsac.com
sobesednik.com
spektr.press
spiegel.de
sputnikipogrom.com
strana.news
strana.today
suspilne.media
svoboda.org
svtv.org
t-invariant.org
tayga.info
telegraf.by
telegraf.news
telegraph.co.uk
the-village.ru
thebarentsobserver.com
thebell.io
theins.press
theins.ru
thetruestory.news
tvfreedom.io
tvrain.ru
tvrain.tv
ukr.radio
usa.one
usatoday.com
verstka.media
vesma.one
vesma.today
vesty.co.il
voanews.com
vot-tak.tv
welt.de
wonderzine.com
yle.fi
zahav.ru
zerkalo.io
zona.media

# Other
10minutemail.com
1337x.to
4freerussia.org
4pna.com
5sim.net
7tv.app
7tv.io
abook-club.ru
adguard-vpn.com
adguard.com
adminforge.de
ahrefs.com
allegro.pl
amdm.ru
amnezia.org
amx.com
anidub.com
annas-archive.org
aol.com
api.service-kp.com
apkmirror.com
archive.ph
as6723.net
audiobookbay.lu
babook.org
baginya.org
baikal-journal.ru
bcbits.com
bestchange.ru
bluehost.com
booktracker.org
boominfo.org
booth.pm
booth.pximg.net
botnadzor.org
bt4gprx.com
btdig.com
capcut.com
carnegieendowment.org
cbilling.eu
cbilling.vip
cdn.statically.io
cdnbunny.org
censortracker.org
chess.com
clarity.ms
cloudex.cc
cloudtorrents.com
cnd2exp.online
cock.li
coinpayments.net
coinsbee.com
coldfilm.xyz
coursera.org
cub.red
cucumber.io
cyberghostvpn.com
decrypt.day
deepstatemap.live
depositphotos.com
designify.com
deviantart.com
digash.live
digikey.com
digitalocean.com
dinosaurpictures.org
dpidetector.org
dreamhost.com
edu-cisco.org
ef.com
ef.edu
eggertspiele.de
element14.com
epidemz.net.co
everand.com
exler.ru
f95-zone.to
fast-torrent.club
filmitorrent.net
filmix.ac
filmix.biz
filmix.day
filmix.fm
filmix.la
flibusta.is
flibusta.net
flipboard.com
fls.guru
forklog.com
forum.netgate.com
forum.ru-board.com
freedomletters.org
gagadget.com
gamedistribution.com
gamesrepack.com
getoutline.org
godaddy.com
gofile.io
gonitro.com
goodreads.com
gr-assets.com
grammarly.com
hackernoon.com
hackmd.io
halooglasi.com
hdkinoteatr.com
hetzner.com
hostgator.com
iditelesombase.org
iedb.org
ign.com
iichan.hk
ilook.tv
indiehackers.com
infineon.com
insearch.site
interactivebrokers.co.uk
ionos.com
iptv.online
it-tehnik.ru
jw-russia.org
jw.org
kamatera.com
kino.pub
kinogo.ec
kinogo.la
kinogo.uk
kinopub.me
kinovod.net
kinozal.guru
kinozal.me
kinozal.tv
kinozaltv.life
knews.kg
knowyourmeme.com
kupujemprodajem.com
kym-cdn.com
le-production.tv
leafletjs.com
libgen.li
licdn.com
linear.app
linkedin.com
linktr.ee
livetv.sx
liveuamap.com
lolz.guru
lostfilm.tv
lostfilmtv2.site
lu4.org
lucid.app
mailfence.com
mailo.com
make.com
malwarebytes.com
mashable.com
medium.com
megapeer.ru
megapeer.vip
metacritic.com
metal-archives.com
mongodb.comcdw.com
more.fm
mullvad.net
musixmatch.com
mw2.wiki
navalny.com
netprizyvu.ru
networksolutions.com
nhl.com
nih.gov
nippon.com
nnmclub.to
nnmstatic.win
notepad-plus-plus.org
novaline.fm
ntc.party
ohmyswift.ru
okx.com
omv-extras.org
onlinesim.io
opensanctions.org
opensea.io
pages.dev
patreon.com
pb.wtf
pimpletv.ru
piratbit.top
polymarket.com
privatekeys.pw
prnt.sc
prostovpn.org
proton.me
protonvpn.com
psiphon.ca
quickconnect.to
quietpc.com
quora.com
quora.com.cdn.cloudflare.net
redshieldvpn.com
refactoring.guru
render-state.to
rentry.co
rf.dobrochan.net
riotpixels.com
riperam.org
riseup.net
rublacklist.net
rutor.info
rutor.is
rutor.org
rutracker.cc
rutracker.net
rutracker.org
rutracker.wiki
sap.com
saverudata.net
sci-hub.es.ht
sci-hub.it.nf
sci-hub.se
sci-hub.shop
sci-hub.st
sci-hub.wang
searchfloor.org
seasonvar.ru
selezen.org
shikimori.org
signal.org
simplex.chat
simplex.im
simplix.info
skiff.com
skladchik.com
skladchiki.pro
skladchina.vip
sklatchiki.ru
slifki.biz
smassets.net
sndcdn.com
soundcloud.cloud
soundcloud.com
speedtest.net
spreadthesign.com
squietpc.com
startpage.com
static.lostfilm.top
statology.org
steamstat.info
supersliv.biz
surfshark.com
swissinfo.ch
te-st.org
temu.com
thepiratebay.org
threema.ch
tidal.com
tiptop-vpn.com
tmdb.com
torproject.org
torrentgalaxy.to
trellix.com
trueblackmetalradio.com
turbobit.net
tuta.com
tuta.io
twirpx.com
ukr.net
ukrtelcdn.net
viber.com
vice.com
visualcapitalist.com
vpngate.net
vpngen.org
vpnlove.me
vpnpay.io
webtoons.com
wiki.fextralife.com
wilsoncenter.org
windows10spotlight.com
zbigz.com
zendesk.com
