# Top-level domains
.ua

# For check
fast.com
showip.net

# Discord
dis.gd
discord-activities.com
discord-attachments-uploads-prd.storage.googleapis.com
discord.co
discord.com
discord.design
discord.dev
discord.gg
discord.gift
discord.gifts
discord.media
discord.new
discord.store
discord.tools
discordactivities.com
discordapp.com
discordapp.net
discordcdn.com
discordmerch.com
discordpartygames.com
discordsays.com
discordstatus.com

# Meta (Instagram, Facebook)
cdninstagram.com
circlecrewpinkcrowd.com
facebook.com
facebook.net
fb.com
fbcdn.net
fbsbx.com
ig.me
instagram.com
internalfb.com
llamameta.net
messenger.com
meta.com
oculus.com
sam2.metademolab.com
threads.net
wa.me
whatsapp.biz
whatsapp.com
whatsapp.net

# Twitter/X
cms-twdigitalassets.com
pbs.twimg.com.cdn.cloudflare.net
periscope.tv
pscp.tv
t.co
tellapart.com
tweetdeck.com
twimg.com
twitpic.com
twitter.biz
twitter.com
twittercommunity.com
twitterflightschool.com
twitterinc.com
twitteroauth.com
twitterstat.us
twittr.jp
twtrdns.net
twttr.com
twttr.net
twvid.com
video.twimg.com.cdn.cloudflare.net
vine.co
x.com

# HDrezka
hd-rezka.tv
hdrezka.ac
hdrezka.ag
hdrezka.me
rezka-ua.in
rezka.ag
rezka.my
rezkify.com
voidboost.cc

# cloudflare
cdnjs.com
cloudflare.com
cloudflarestatus.com
one.one.one.one

# YouTube
ggpht.com
googlevideo.com
i.yting.com
jnn-pa.googleapis.com
returnyoutubedislikeapi.com
wide-youtube.l.google.com
youtu.be
youtube-nocookie.com
youtube-ui.l.google.com
youtube.com
youtube.googleapis.com
youtubeembeddedplayer.googleapis.com
youtubei.googleapis.com
youtubekids.com
yt-video-upload.l.google.com
yt.be
ytimg.com
ytimg.l.google.com

# Anime
3.animegood.icu
adultmult.tv
amedia.site
anilib.me
anilibria.org
anilibria.tv
anilibria.uno
anilibria.wtf
animaunt.org
anime-bit.org
anime-portal.su
anime777.online
animebest.org
animedia.tv
animego.online
animego.org
animekun.ru
animeonlinesu.net
animeshka.net
animespirit.ru
animestars.org
animeteatr.tv
animevost.in
animevost.org
anistar.org
anistars.ru
archiveofourown.org
bato.to
big-anime.ru
danbooru.donmai.us
delivery.2d.net.co
dorama.live
doramalive.ru
doramy.club
e621.net
ficbook.net
gelbooru.com
jut-su.net
jut.su
kara.su
kemono.su
mangadex.org
mangahub.ru
mangapark.net
myanimelist.net
mydoramy.club
shikimori.me
shiza-project.com
slashlib.me
smotretanime.ru
sovetromantica.com
vndb.org
yande.re
yummyani.me

# Porno
chaturbate.com
coomer.su
e-hentai.org
eporner.com
etahub.com
f95zone.to
fansly.com
freeones.com
hentai-foundry.com
hitomi.la
hqporner.com
manyvids.com
multporn.net
nhentai.com
nhentai.net
nude-moon.org
phncdn.com
phncdn.com.sds.rncdn7.com
playboy.com
pornhub.com
pornhub.org
porno666.link
pornolab.net
realbooru.com
reddxxx.com
redgifs.com
redtube.com
rentry.org
rule34.art
rule34.us
rule34.xxx
rusvideos.net
sex-studentki.live
theporndude.com
trahkino.me
ukdevilz.com
vipergirls.to
xhamster.com
xhamsterlive.com
xhcdn.com
xnxx-cdn.com
xnxx-ru.com
xnxx.com
xnxx.net
xnxx.tv
xnxx3.com
xv-ru.com
xvideos-cdn.com
xvideos.com

# News
24.kg
9tv.co.il
activatica.org
agents.media
api.theins.info
arbat.media
azathabar.com
azattyq.org
baikal-journal.ru
bbc.co.uk
bbc.com
bbci.co.uk
bellingcat.com
bihus.info
blackseanews.net
censor.net
cherta.media
colta.ru
currenttime.tv
cursorinfo.co.il
cyxymu.info
dailylviv.com
delfi.lt
delfi.lv
discours.io
dovod.online
doxa.team
dumka.media
dw.com
echofm.online
ej.ru
ekhokavkaza.com
espreso.tv
euronews.com
euroradio.fm
eutrp.eu
expres.online
fn-volga.ru
fonge.org
fortanga.org
foxnews.com
freemedia.io
germania.one
glavred.info
glavred.net
golosameriki.com
gordonua.com
grani.ru
graty.me
gulagu.net
holod.media
hs.fi
i.sakh.com
idelreal.org
important-stories.com
is.fi
istories.media
itsmycity.ru
kaktus.media
kasparov.ru
kavkaz-uzel.eu
kavkazr.com
kolsar.org
korrespondent.net
kovcheg.live
krymr.com
lamcdn.net
liga.net
locals.md
mbk-news.appspot.com
mediazona.ca
meduza.io
merezha.co
metla.press
mezha.net
mignews.com
moscowtimes.ru
news.google.com
newsru.co.il
newsru.com
newtimes.ru
novaya.no
novayagazeta.eu
novayagazeta.ru
novy.tv
novyny.live
nu.nl
obozrevatel.com
oi.legal
openmedia.io
opposition-news.com
ovd.info
ovd.legal
ovd.news
ovdinfo.org
ozodi.org
pap.pl
paperpaper.io
paperpaper.ru
polit.ru
politico.eu
politiken.dk
posle.media
postimees.ee
pravda.com
proekt.media
prosleduetmedia.com
provereno.media
r4.err.ee
radiosakharov.org
radiosvoboda.org
realist.online
republic.ru
rezonans.media
rferl.org
rima.media
roar-review.com
root-nation.com
roskomsvoboda.org
rus.delfi.ee
rus.jauns.lv
sakhalin.info
sakharovfoundation.org
semnasem.org
severreal.org
sibreal.org
skat.media
slavicsac.com
sobesednik.com
sotaproject.com
sovanews.tv
spektr.press
spiegel.de
sputnikipogrom.com
strana.news
strana.today
suspilne.media
svoboda.org
svtv.org
t-invariant.org
tayga.info
telegraf.by
telegraf.news
telegraph.co.uk
the-village.ru
thebarentsobserver.com
thebell.io
theins.press
theins.ru
themoscowtimes.com
thetruestory.news
tvfreedom.io
tvrain.ru
tvrain.tv
ukr.radio
ukrainer.net
ukrinform.net
usa.one
usatoday.com
verstka.media
vesma.one
vesma.today
vesty.co.il
voanews.com
vot-tak.tv
welt.de
wonderzine.com
yle.fi
zahav.ru
zaxid.net
zerkalo.io
zona.media

# Other
10minutemail.com
1337x.to
4freerussia.org
4pna.com
5sim.net
7tv.app
7tv.io
abook-club.ru
adguard-vpn.com
adguard.com
adminforge.de
ahrefs.com
aircanada.com
akc.org
allegro.pl
amdm.ru
amnezia.org
amx.com
anidub.com
annas-archive.org
any.do
aol.com
api.ooni.io
api.ooni.org
api.protonvpn.ch
api.service-kp.com
apkmirror.com
appstorrent.ru
aqicn.org
archive.ph
as6723.net
atlassian.com
atv4.dnskp.cc
audiobookbay.lu
babook.org
baginya.org
bcbits.com
bestchange.ru
bitru.org
bluehost.com
booktracker.org
boominfo.org
booth.pm
booth.pximg.net
botnadzor.org
bt4gprx.com
btdig.com
bufferbloat.net
bungiestore.com
capcut.com
carnegieendowment.org
cbilling.eu
cbilling.vip
cdn.betterttv.net
cdn.statically.io
cdnbunny.org
censortracker.org
checkout.buckaroo.nl
chess.com
chesscomfiles.com
chub.ai
clarity.ms
cloudex.cc
cloudflare-dns.com
cloudflare-ech.com
cloudtorrents.com
cnd2exp.online
cock.li
codelinaro.org
coinpayments.net
coinsbee.com
coldfilm.city
coldfilm.ink
coldfilm.xyz
connect.ngrok-agent.com
coursera.org
croxyproxy.com
cub.red
cucumber.io
cyberghostvpn.com
czx.to
deckbrew.xyz
decrypt.day
deepstatemap.live
depositphotos.com
designify.com
deviantart.com
diabrowser.com
digash.live
digikey.com
digitalocean.com
dinosaurpictures.org
dpidetector.org
dreamhost.com
dub.sh
edu-cisco.org
ef.com
ef.edu
eggertspiele.de
element14.com
epidemz.net.co
event.on24.com
everand.com
exler.es
f95-zone.to
fast-torrent.club
fastpic.org
fex.net
filmitorrent.net
filmix.ac
filmix.biz
filmix.day
filmix.fan
filmix.fm
filmix.la
flibusta.is
flibusta.net
flipboard.com
flisland.net
fls.guru
fork.pet
forklog.com
forum.netgate.com
forum.ru-board.com
forum.voynaplemyon.com
freedomletters.org
gagadget.com
gamedistribution.com
gamesrepack.com
geni.us
genius.com
getoutline.org
gifyu.com
git.new
godaddy.com
gofile.io
gonitro.com
goodreads.com
gr-assets.com
grammarly.com
gtagarage.com
hackernoon.com
hackmd.io
halooglasi.com
hath.network
hdkinoteatr.com
hdstudio.org
hetzner.com
host.livekit.cloud
hostgator.com
hrw.org
iditelesombase.org
iedb.org
ign.com
iichan.hk
ilook.tv
indeed.com
indiehackers.com
infineon.com
insearch.site
interactivebrokers.co.uk
ionos.com
ipburger.com
iptv.online
island-of-pleasure.site
it-tehnik.ru
itch.io
jw-russia.org
jw.org
kamatera.com
kemono.party
kilo.ai
kilocode.ai
kino.pub
kinogo.ec
kinogo.la
kinogo.uk
kinopub.me
kinovod.net
kinozal.guru
kinozal.me
kinozal.tv
kinozaltv.life
knews.kg
knowyourmeme.com
kpapp.link
kupujemprodajem.com
kym-cdn.com
lantern.io
le-production.tv
leafletjs.com
lenovo.com
lib.rus.ec
libgen.li
libgen.rs
licdn.com
linear.app
lingq.com
linkedin.com
linktr.ee
livetv.sx
liveuamap.com
localbitcoins.com
lolz.guru
lostfilm.tv
lostfilm.tw
lostfilm.uno
lostfilmtv2.site
lu4.org
lucid.app
magaz.global
mailfence.com
mailo.com
make.com
malwarebytes.com
mashable.com
mchost.guru
medium.com
mega.nz
megapeer.ru
megapeer.vip
memohrc.org
metacritic.com
metal-archives.com
meteo.paraplan.net
modrinth.com
mongodb.comcdw.com
monolisa.dev
more.fm
mouser.com
mrakopedia.net
mullvad.net
musicbrainz.org
musixmatch.com
mw2.wiki
navalny.com
netacad.com
netprizyvu.ru
networksolutions.com
nhl.com
nih.gov
nippon.com
nnmclub.to
nnmstatic.win
notepad-plus-plus.org
novaline.fm
ntc.party
nyaa.si
nyaa.tracker.wf
ohmyswift.ru
okx.com
omtrdc.net
omv-extras.org
onlineradiobox.com
onlinesim.io
onlinesim.ru
opensanctions.org
opensea.io
opentrackr.org
pages.dev
patreon.com
patreonusercontent.com
pay.buckaroo.nl
pb.wtf
pcbway.ru
pdq.com
php.su
piccy.info
pimpletv.ru
piratbit.top
pixabay.com
pixiv.net
plab.site
polymarket.com
postfix.org
primevue.org
privatekeys.pw
prnt.sc
pronouns.page
prostovpn.org
proton.me
protonmail.ch
protonmail.com
protonvpn.com
proxyline.net
proxyscrape.com
psiphon.ca
pvpessence.com
quickconnect.to
quietpc.com
quora.com
quora.com.cdn.cloudflare.net
radiojar.com
rbxcdn.com
rbxinfra.net
redshieldvpn.com
refactoring.guru
render-state.to
rentry.co
restream.io
rf.dobrochan.net
riotpixels.com
riperam.org
riseup.net
roblox-api.arkoselabs.com
roblox.com
robloxdev.com
rublacklist.net
ruscryde.net
rustorka.com
rutor.info
rutor.is
rutor.org
rutracker.cc
rutracker.net
rutracker.org
rutracker.wiki
sap.com
saverudata.info
saverudata.net
sci-hub.es.ht
sci-hub.it.nf
sci-hub.se
sci-hub.shop
sci-hub.st
sci-hub.wang
scrollrevealjs.org
scryde.io
scryde.net
scryde.ru
scryde.world
scryde1.net
scryde10.net
scryde11.net
scryde12.net
scryde2.net
scryde3.net
scryde4.net
scryde5.net
scryde6.net
scryde7.net
scryde8.net
scryde9.net
searchfloor.org
seasonvar.ru
sebeanus.online
seedoff.zannn.top
selezen.org
sendgrid.net
serpstat.com
shikimori.org
signal.art
signal.org
signalusers.org
simplex.chat
simplex.im
simplix.info
siteground.com
skiff.com
skladchik.com
skladchiki.pro
skladchina.vip
sklatchiki.ru
skyscanner.com
slifki.biz
smashwords.com
smassets.net
sms-activate.io
sndcdn.com
sonara.ai
sophos.com
soundcloud.cloud
soundcloud.com
speedtest.net
spreadthesign.com
squietpc.com
startmail.com
startpage.com
static.lostfilm.top
statology.org
steamstat.info
streamable.com
stulchik.net
supersliv.biz
surfshark.com
swissinfo.ch
t3.chat
tailscale.com
te-st.org
temu.com
thepiratebay.org
thetvdb.com
threema.ch
tinkercad.com
tiptop-vpn.com
tmdb.com
torproject.org
torrent.by
torrentgalaxy.to
transferwise.com
trellix.com
tria.ge
trueblackmetalradio.com
ttoverseaus.net
turbobit.net
tuta.com
tuta.io
tvdevinfo.com
twin.me
twinlife-systems.com
twinme.com
twirpx.com
ubnt.com
ufile.io
ui.com
ukr.net
ukrtelcdn.net
underver.se
unfiltered.adguard-dns.com
unian.net
uniongang.tv
unsplash.com
urlr.me
viber.com
vice.com
vipdrive.net
visualcapitalist.com
vpngate.net
vpngen.org
vpnlove.me
vpnpay.io
vrv.co
webmd.com
webtoons.com
whispersystems.org
wiki.fextralife.com
wikiart.org
wilsoncenter.org
windows10spotlight.com
wise.com
wixmp.com
wwnd.space
zbigz.com
zendesk.com
znanija.com
zohomail.com
