# Top-level domains
.ua

# For check
fast.com
showip.net

# Discord
dis.gd
discord-activities.com
discord-attachments-uploads-prd.storage.googleapis.com
discord.co
discord.com
discord.design
discord.dev
discord.gg
discord.gift
discord.gifts
discord.media
discord.new
discord.store
discord.tools
discordactivities.com
discordapp.com
discordapp.net
discordcdn.com
discordmerch.com
discordpartygames.com
discordsays.com
discordstatus.com

# Meta (Instagram, Facebook)
cdninstagram.com
facebook.net
fb.com
fbcdn.net
ig.me
internalfb.com
llamameta.net
messenger.com
oculus.com
sam2.metademolab.com

# Twitter/X
ads-twitter.com
cms-twdigitalassets.com
periscope.tv
pscp.tv
t.co
tellapart.com
tweetdeck.com
twimg.com
twitpic.com
twitter.biz
twitter.com
twittercommunity.com
twitterflightschool.com
twitterinc.com
twitteroauth.com
twitterstat.us
twittr.jp
twtrdns.net
twttr.com
twttr.net
twvid.com
vine.co
x.com

# HDrezka
hdrezka.ac
hdrezka.ag
hdrezka.me
rezka.ag
rezka.my
rezkify.com
voidboost.cc

# YouTube
ggpht.com
googlevideo.com
i.yting.com
jnn-pa.googleapis.com
returnyoutubedislikeapi.com
wide-youtube.l.google.com
youtu.be
youtube-nocookie.com
youtube-ui.l.google.com
youtube.com
youtubeembeddedplayer.googleapis.com
youtubei.googleapis.com
youtubekids.com
yt-video-upload.l.google.com
ytimg.com
ytimg.l.google.com

# Other
10minutemail.com
1337x.to
4freerussia.org
4pna.com
5sim.net
7tv.app
7tv.io
abook-club.ru
adguard-vpn.com
adguard.com
adminforge.de
ahrefs.com
allegro.pl
amdm.ru
amnezia.org
amx.com
anidub.com
anilibria.uno
animaunt.org
animebest.org
animespirit.ru
animeteatr.tv
animevost.in
anistar.org
anistars.ru
annas-archive.org
aol.com
api.service-kp.com
api.theins.info
arbat.media
archive.ph
archiveofourown.org
as6723.net
attachments.f95zone.to
avira.com
babook.org
baginya.org
baikal-journal.ru
bbci.co.uk
bcbits.com
bestchange.ru
big-anime.ru
bluehost.com
booktracker.org
botnadzor.org
btdig.com
capcut.com
carnegieendowment.org
cbilling.eu
cbilling.vip
cdn.statically.io
cdnbunny.org
censortracker.org
chaturbate.com
chess.com
clarity.ms
clickup.com
cloudex.cc
cnd2exp.online
cock.li
coinpayments.net
coinsbee.com
coldfilm.xyz
coomer.su
coursera.org
cub.red
cucumber.io
cyberghostvpn.com
cyxymu.info
decrypt.day
deepstatemap.live
delfi.lt
depositphotos.com
designify.com
deviantart.com
digikey.com
digitalocean.com
dinosaurpictures.org
dorama.live
doramalive.ru
doramy.club
dpidetector.org
dreamhost.com
edu-cisco.org
ef.com
ef.edu
eggertspiele.de
element14.com
epidemz.net.co
everand.com
exler.ru
f95-zone.to
fast-torrent.club
filmitorrent.net
filmix.ac
filmix.biz
filmix.day
filmix.fm
filmix.la
flibusta.is
flibusta.net
flipboard.com
fls.guru
forklog.com
forum.netgate.com
forum.ru-board.com
freedomletters.org
gagadget.com
gamedistribution.com
gamesrepack.com
getoutline.org
godaddy.com
gofile.io
gonitro.com
goodreads.com
gr-assets.com
grani.ru
graty.me
hackernoon.com
hackmd.io
halooglasi.com
hdkinoteatr.com
hentai-foundry.com
hetzner.com
hostgator.com
hqporner.com
i.sakh.com
iedb.org
ign.com
iichan.hk
ilook.tv
important-stories.com
indiehackers.com
infineon.com
interactivebrokers.co.uk
intuit.com
ionos.com
iptv.online
it-tehnik.ru
kamatera.com
kara.su
kino.pub
kinogo.ec
kinogo.la
kinogo.uk
kinopub.me
kinovod.net
kinozal.guru
kinozal.tv
knews.kg
knowyourmeme.com
korrespondent.net
kovcheg.live
krymr.com
kupujemprodajem.com
lamcdn.net
leafletjs.com
libgen.li
licdn.com
linear.app
linkedin.com
linktr.ee
livetv.sx
liveuamap.com
lolz.guru
lostfilm.tv
lostfilmtv2.site
lucid.app
mailfence.com
mailo.com
malwarebytes.com
mangadex.org
mashable.com
medium.com
megapeer.vip
metacritic.com
metal-archives.com
mongodb.comcdw.com
more.fm
mullvad.net
multporn.net
mydoramy.club
navalny.com
networksolutions.com
newsru.co.il
nhentai.com
nhl.com
nih.gov
nippon.com
nnmclub.to
nnmstatic.win
notepad-plus-plus.org
novaline.fm
ntc.party
ohmyswift.ru
oi.legal
okx.com
omv-extras.org
onlinesim.io
opensea.io
ovd.info
ovd.legal
ovd.news
pages.dev
patreon.com
phncdn.com
phncdn.com.sds.rncdn7.com
pimpletv.ru
piratbit.top
playboy.com
polymarket.com
pornhub.com
pornhub.org
porno666.link
posle.media
pravda.com
privatekeys.pw
prnt.sc
prosleduetmedia.com
prostovpn.org
proton.me
protonvpn.com
provereno.media
psiphon.ca
quickconnect.to
quietpc.com
quora.com
quora.com.cdn.cloudflare.net
radiosakharov.org
realist.online
reddxxx.com
redgifs.com
redshieldvpn.com
render-state.to
rentry.co
rezonans.media
rf.dobrochan.net
riotpixels.com
riperam.org
roar-review.com
root-nation.com
rublacklist.net
rule34.art
rule34.xxx
rus.jauns.lv
rusvideos.net
rutor.info
rutor.is
rutor.org
rutracker.cc
rutracker.net
rutracker.org
rutracker.wiki
sakhalin.info
sakharovfoundation.org
sap.com
saverudata.net
sci-hub.es.ht
sci-hub.it.nf
sci-hub.se
sci-hub.shop
sci-hub.st
sci-hub.wang
seasonvar.ru
selezen.org
shikimori.me
shikimori.org
shiza-project.com
signal.org
simplex.chat
simplex.im
simplix.info
skiff.com
skladchik.com
skladchiki.pro
skladchina.vip
sklatchiki.ru
slashlib.me
smassets.net
smotretanime.ru
soundcloud.com
sovetromantica.com
spreadthesign.com
squietpc.com
static.foxnews.com
static.lostfilm.top
statology.org
steamstat.info
strana.news
strana.today
surfshark.com
suspilne.media
swissinfo.ch
te-st.org
telegraf.by
temu.com
theins.ru
threads.net
threema.ch
tidal.com
tmdb.com
torrentgalaxy.to
trahkino.me
trellix.com
trueblackmetalradio.com
turbobit.net
tuta.com
tuta.io
tvrain.ru
twirpx.com
ukr.net
ukr.radio
ukrtelcdn.net
vesty.co.il
vice.com
vipergirls.to
visualcapitalist.com
vndb.org
vpngate.net
vpngen.org
vpnlove.me
vpnpay.io
webtoons.com
wiki.fextralife.com
wilsoncenter.org
windows10spotlight.com
xv-ru.com
xvideos.com
yandere.tv
yaoilib.me
zbigz.com
zendesk.com
