.ua
4pna.com
5sim.net
7tv.app
7tv.io
abercrombie.com
adidas.com
ahrefs.com
ai-chat.bsg.brave.com
alphacoders.com
alza.hu
amazfitwatchfaces.com
amdm.ru
amx.com
analog.com
animebest.org
animespirit.ru
animeteatr.tv
animevost.in
anthropic.com
api.service-kp.com
api.theins.info
app.flourish.studio
arbat.media
archive.ph
as6723.net
assets.heroku.com
att.com
autodesk.com
avira.com
banana-pi.org
bell-sw.com
bestbuy.com
big-anime.ru
bitdefender.com
blinkshot.io
brawlstarsgame.com
broadcom.com
broncosportforum.com
btdig.com
buanzo.org
buf.build
bumble.com
buymeacoffee.com
byteoversea.com
capcut.com
cats.com
cbilling.eu
cbilling.vip
cdn.nba.com
cdn.web-platform.io
cdnbunny.org
cdw.com
clarity.ms
clashofclans.com
clashroyaleapp.com
cloudex.cc
cms-twdigitalassets.com
cnd2exp.online
codeium.com
coingate.com
coinpayments.net
coinsbee.com
coldfilm.xyz
coursera.org
cpu-monkey.com
credly.com
cucumber.io
cvedetails.com
cyxymu.info
daemon-tools.cc
decrypt.day
delfi.lt
digikey.com
digitalcontent.sky
dinosaurpictures.org
disctech.com
dms.licdn.com
docs.liquibase.com
dorama.live
doramalive.ru
doramy.club
dpidetector.org
edu-cisco.org
eggertspiele.de
element14.com
elevenlabs.io
everand.com
extremetech.com
f1.com
f95-zone.to
facebook.net
fast.com
filmitorrent.net
filmix.ac
filmix.fm
filmix.la
flipboard.com
flir.com
flir.eu
flourish.studio
fls.guru
flukenetworks.com
footballapi.pulselive.com
force-user-content.com
force.com
forum.ru-board.com
freeimages.com
gamedistribution.com
gamesrepack.com
gaming.amazon.com
geforcenow.com
gemini.google.com
geolocation.onetrust.com
getoutline.com
gfn.am
global.fncstatic.com
glpals.com
gonitro.com
gpsonextra.net
gr-assets.com
grafana.com
grani.ru
graty.me
graylog.org
groq.com
guilded.gg
hackernoon.com
halooglasi.com
hashicorp.com
hdrezka.ac
hdrezka.me
healthline.com
hentai-foundry.com
herokucdn.com
hollisterco.com
hostinger.com
hotels.com
i.sakh.com
i.yting.com
ibm.com
ibytedtos.com
id.supercell.com
iedb.org
ig.me
ign.com
ilook.tv
important-stories.com
indiehackers.com
infineon.com
intel.de
intel.nl
interactivebrokers.co.uk
internalfb.com
intuit.com
intuitibits.com
itninja.com
jamf.com
jetbrains.com
jut.su
kara.su
keysight.com
kinogo.la
kinogo.uk
kinopub.me
kinovod.net
kinozal.guru
kmail-lists.com
knowyourmeme.com
korrespondent.net
kovcheg.live
krymr.com
kupujemprodajem.com
lambdalabs.com
lamcdn.net
ldoceonline.com
libgen.li
lidarr.audio
lifehacker.com
lightning.ai
linear.app
lolz.guru
lostfilmtv2.site
mangadex.org
media.licdn.com
medicalnewstoday.com
megapeer.vip
meta.com
middlewareinventory.com
mixcloud.com
mongodb.com
monoprice.com
more.fm
mouser.fi
muscdn.com
musical.ly
mydoramy.club
myjetbrains.com
nba.com
neo4j.com
netlify.com
newark.com
newsroom.porsche.com
newsru.co.il
nfl.com
nflxext.com
nflximg.net
nflxvideo.net
ngrok.com
nhl.com
nike.com
nippon.com
nitropdf.com
nnmstatic.win
notion-static.com
notion.new
notion.site
notion.so
novaline.fm
nxp.com
oaiusercontent.com
ocstore.com
oculus.com
oemdrivers.com
oi.legal
okx.com
onlinesim.io
onshape.com
open.selezen.org
opensea.io
ovd.info
ovd.legal
ovd.news
pages.dev
pcgamesn.com
periscope.tv
pexels.com
phncdn.com
picks.nba.com
pingdom.com
playboy.com
plugshare.com
polymarket.com
posle.media
pravda.com
premierleague.com
privatekeys.pw
prnt.sc
proactivebackend-pa.googleapis.com
prosleduetmedia.com
provereno.media
prowlarr.com
proxy.flibusta.net
pscp.tv
quickconnect.to
quietpc.com
quora.com.cdn.cloudflare.net
radiosakharov.org
reactflow.dev
realist.online
recraft.ai
reddxxx.com
redgifs.com
redis.io
remove.bg
render-state.to
returnyoutubedislikeapi.com
rezka.my
rezkify.com
rezonans.media
riotpixels.com
roar-review.com
root-nation.com
rus.delfi.lt
rus.jauns.lv
sakhalin.info
sakharovfoundation.org
salesforce-experience.com
salesforce-hub.com
salesforce-scrt.com
salesforce-setup.com
salesforce-sites.com
salesforce.com
salesforceiq.com
salesforceliveagent.com
sap.com
saverudata.net
sdxcentral.com
selezen.org
sentry.servarr.com
sephora.com
sfdcopens.com
shikimori.me
shikimori.org
shinyhardware.co.uk
shop.gameloft.com
showip.net
signal.org
simplex.chat
simplex.im
simplix.info
site.com
skladchiki.pro
skladchina.vip
sky.com
skycdp.com
smartbear.com
smartdeploy.com
smassets.net
smotretanime.ru
smp1.adminforge.de
smp2.adminforge.de
smp3.adminforge.de
snort.org
snyk.io
solarwinds.com
sora.com
sovetromantica.com
spacelift.io
spreadthesign.com
squadbustersgame.com
static.foxnews.com
static.licdn.com
static.lostfilm.top
strana.news
strana.today
supercell.com
surveymonkey.com
suspilne.media
tableau.com
teamviewer.com
telegraf.by
telemetr.io
tellapart.com
temu.com
theaudiodb.com
threads.net
tik-tokapi.com
tiktokcdn-eu.com
tiktokcdn-us.com
tiktokcdn.com
tiktokd.net
tiktokd.org
tiktokv.com
tiktokv.us
tiktokw.us
timberland.de
tmdb-image-prod.b-cdn.net
torrentgalaxy.to
trailblazer.me
trailhead.com
translate.servarr.com
trellix.com
trueblackmetalradio.com
tsmc.com
ttwstatic.com
tuta.io
tvrain.ru
tweetdeck.com
twitpic.com
twitter.biz
twitter.jp
twittercommunity.com
twitterflightschool.com
twitterinc.com
twitteroauth.com
twitterstat.us
twtrdns.net
twttr.com
twttr.net
twvid.com
ukr.radio
ukrtelcdn.net
upwork.com
vagrantcloud.com
veeam.com
vesty.co.il
vine.co
visualcapitalist.com
vmware.com
vndb.org
voidboost.cc
volkswagen-classic-parts.com
vpnlove.me
vpnpay.io
walmart.com
watch.nba.com
webnames.ca
webtoons.com
weebly.com
wiki.fextralife.com
wikidot.com
xtracloud.net
yandere.tv
yaoilib.me
youtu.be
zbigz.com
zedge.net