# Top-level domains
.ua

# For check
fast.com
showip.net

# Социальные сети и медиаплатформы:
# Форумы, сообщества
broncosportforum.com
forum.ru-board.com
guilded.gg
hackernoon.com
kmail-lists.com
knowyourmeme.com
lolz.guru
skladchiki.pro
skladchina.vip
threads.net

# Meta (Instagram, Facebook)
facebook.net
ig.me
internalfb.com
oculus.com

# Twitter/X
cms-twdigitalassets.com
periscope.tv
tellapart.com
tweetdeck.com
twitpic.com
twitter.biz
twitter.jp
twittercommunity.com
twitterflightschool.com
twitterinc.com
twitteroauth.com
twitterstat.us
twtrdns.net
twttr.com
twttr.net
twvid.com
vine.co

# Tik-tok
byteoversea.com
ibytedtos.com
muscdn.com
musical.ly
tik-tokapi.com
tiktokcdn-eu.com
tiktokcdn-us.com
tiktokcdn.com
tiktokd.net
tiktokd.org
tiktokv.com
tiktokv.us
tiktokw.us
ttwstatic.com

# Видеохостинги и стриминговые сервисы:
7tv.app
7tv.io
api.service-kp.com
filmix.fm
filmix.la
kinopub.me
lostfilmtv2.site
static.lostfilm.top

#Аниме, мультфильмы и развлечения
animebest.org
animespirit.ru
animeteatr.tv
animevost.in
big-anime.ru
dorama.live
doramalive.ru
doramy.club
f95-zone.to
filmix.ac
ilook.tv
kara.su
kinogo.la
kinogo.uk
kinovod.net
mangadex.org
mydoramy.club
shikimori.me
shikimori.org
smotretanime.ru
sovetromantica.com
vndb.org
wiki.fextralife.com
yandere.tv
yaoilib.me

# HDrezka
hdrezka.ac
hdrezka.me
rezka.my
rezkify.com
voidboost.cc

# Netflix
nflxext.com
nflximg.net
nflxvideo.net

# Youtube
i.yting.com
youtu.be
ytimg.l.google.com

# Google
gemini.google.com
lookerstudio.google.com
suggestqueries.google.com

# Microsoft
copilot.microsoft.com
designer.microsoft.com
xsts.auth.xboxlive.com

# linkedin.com
dms.licdn.com
media.licdn.com
static.licdn.com

# servarr
sentry.servarr.com
translate.servarr.com

# Новости, СМИ и информация
api.theins.info
arbat.media
cyxymu.info
decrypt.day
delfi.lt
extremetech.com
grani.ru
graty.me
i.sakh.com
important-stories.com
korrespondent.net
kovcheg.live
krymr.com
lamcdn.net
ldoceonline.com
newsroom.porsche.com
newsru.co.il
oi.legal
ovd.info
ovd.legal
ovd.news
posle.media
pravda.com
prosleduetmedia.com
provereno.media
radiosakharov.org
realist.online
rezonans.media
roar-review.com
root-nation.com
rus.jauns.lv
sakhalin.info
sakharovfoundation.org
static.foxnews.com
strana.news
strana.today
suspilne.media
telegraf.by
tvrain.ru
ukr.radio
vesty.co.il

# VPN service и анонимность
getoutline.com
proton.me
tuta.io
vpnlove.me
vpnpay.io

# Hashicorp
hashicorp.com
vagrantcloud.com

# Lambda Labs
lambdalabs.com

# Grafana
grafana.com

# A-GPS
glpals.com
gpsonextra.net
xtracloud.net

# blocked in Crimea
netlify.com
reactflow.dev

# Cloud, VPS, domains services
webnames.ca

# Intel
geolocation.onetrust.com
intel.de
intel.nl

# Torrent trackers
cdnbunny.org
cnd2exp.online
filmitorrent.net
kinozal.guru
nnmstatic.win
torrentgalaxy.to

# Media DB
theaudiodb.com
tmdb-image-prod.b-cdn.net

#Разработка программного обеспечения, IT и DevOps
as6723.net
avira.com
bell-sw.com
bitdefender.com
buf.build
codeium.com
cpu-monkey.com
cucumber.io
daemon-tools.cc
docs.liquibase.com
download3.omnissa.com
edu-cisco.org
fls.guru
flukenetworks.com
graylog.org
ibm.com
intuitibits.com
itninja.com
jamf.com
jetbrains.com
keysight.com
linear.app
mongodb.com
myjetbrains.com
neo4j.com
ngrok.com
nitropdf.com
ocstore.com
onshape.com
pages.dev
pingdom.com
proactivebackend-pa.googleapis.com
prowlarr.com
redis.io
render-state.to
sap.com
sdxcentral.com
selezen.org
smartdeploy.com
snort.org
snyk.io
solarwinds.com
spacelift.io
tableau.com
trellix.com
veeam.com
vmware.com

# Инструменты и сервисы:
# Programs
flourish.studio
teamviewer.com
zbigz.com

# SimpleX Chat
simplex.chat
simplex.im
smp1.adminforge.de
smp2.adminforge.de
smp3.adminforge.de

# parsec.app
public.parsec.app

# Heroku
assets.heroku.com
herokucdn.com

# AI
ai-chat.bsg.brave.com
anthropic.com
groq.com
lightning.ai
recraft.ai
remove.bg
sora.com

# OpenAI
oaiusercontent.com

# Microchips
mouser.fi
tsmc.com

# Nvidia
geforcenow.com
gfn.am

#SEO, анализ сайтов и интернет-маркетинг
ahrefs.com
telemetr.io

# Notion
cdn.statically.io
notion-static.com
notion.new
notion.site
notion.so

# Info
dpidetector.org

# Porn
phncdn.com
playboy.com
reddxxx.com

# Salesforce
force-user-content.com
force.com
salesforce-experience.com
salesforce-hub.com
salesforce-scrt.com
salesforce-setup.com
salesforce-sites.com
salesforce.com
salesforceiq.com
salesforceliveagent.com
sfdcopens.com
site.com
trailblazer.me
trailhead.com

# sky.com
digitalcontent.sky
sky.com
skycdp.com

# Games и игровая индустрия:
riotpixels.com
# Supercell
brawlstarsgame.com
clashofclans.com
clashroyaleapp.com
squadbustersgame.com
supercell.com
#Спорт и игры
f1.com
footballapi.pulselive.com
gamedistribution.com
gamesrepack.com
nba.com
nfl.com
nhl.com
pcgamesn.com
shop.gameloft.com

# Amazon
gaming.amazon.com

# Autodesk
autodesk.com
cdn.web-platform.io

#Сервисы для SMS и телефонии
5sim.net
onlinesim.io

#Изображения, графика и дизайн
alphacoders.com
freeimages.com
pexels.com
prnt.sc

#Устройства, технологии и электроника
amazfitwatchfaces.com
amdm.ru
broadcom.com
digikey.com
disctech.com
flir.com
flir.eu
infineon.com
nxp.com
quietpc.com
shinyhardware.co.uk

#Финансы, криптовалюты и платежи
cbilling.eu
cbilling.vip
coingate.com
coinpayments.net
coinsbee.com
interactivebrokers.co.uk
okx.com
opensea.io
polymarket.com
privatekeys.pw
squareup.com

# Shops out
abercrombie.com
adidas.com
alza.hu
bestbuy.com
bumble.com
gr-assets.com
hollisterco.com
kupujemprodajem.com
nike.com
sephora.com
temu.com
timberland.de
walmart.com

#Разное
4pna.com
amx.com
archive.ph
att.com
blinkshot.io
btdig.com
buanzo.org
buymeacoffee.com
capcut.com
carrefouruae.com
cats.com
cdw.com
clarity.ms
cloudex.cc
coldfilm.xyz
coursera.org
credly.com
cvedetails.com
dinosaurpictures.org
eggertspiele.de
element14.com
elevenlabs.io
everand.com
flipboard.com
framer.com
global.fncstatic.com
gonitro.com
halooglasi.com
healthline.com
hotels.com
htmhell.dev
iedb.org
ign.com
intuit.com
libgen.li
lidarr.audio
lifehacker.com
lucid.app
medicalnewstoday.com
megapeer.vip
middlewareinventory.com
mixcloud.com
monoprice.com
more.fm
newark.com
novaline.fm
plugshare.com
premierleague.com
proxy.flibusta.net
quickconnect.to
research.net
returnyoutubedislikeapi.com
saverudata.net
simplix.info
smartbear.com
smassets.net
spreadthesign.com
surveymonkey.com
synoforum.com
trueblackmetalradio.com
ukrtelcdn.net
upwork.com
visualcapitalist.com
volkswagen-classic-parts.com
webtoons.com
weebly.com
wikidot.com
zedge.net