# AI
ai-chat.bsg.brave.com
ai.com
aidemos.meta.com
anthropic.com
anythingllm.com
chatfuel.com
cici.com
claude.ai
elevenlabs.io
fastflux.ai
files.manus.cdn
genspark.ai
geospy.ai
grazie.ai
grok.com
groq.com
hume.ai
kaleido.ai
lenso.ai
lightning.ai
llamameta.net
manus.im
recraft.ai
reka.ai
remove.bg
sam2.metademolab.com
sora.com
watermarkremover.io
x.ai

# google_ai
aisandbox-pa.googleapis.com
aistudio.google.com
bard.google.com
clients6.google.com
deepmind.com
deepmind.google
geller-pa.googleapis.com
gemini.google
gemini.google.com
generativeai.google
generativelanguage.googleapis.com
jules.google
jules.google.com
labs.google
makersuite.google.com
notebooklm.google
notebooklm.google.com
proactivebackend-pa.googleapis.com
stitch.withgoogle.com

#Copilot
api.github.com
copilot-proxy.githubusercontent.com
copilot.githubusercontent.com
githubcopilot.com

# Github
copilot.microsoft.com
vscode-auth.github.com

# OpenAI
chat.com
chatgpt.com
chatgpt.livekit.cloud
oaistatic.com
oaiusercontent.com
openai.com
openai.com.cdn.cloudflare.net
openaiapi-site.azureedge.net
openaicom-api-bdcpf8c6d2e9atf6.z01.azurefd.net
openaicom.imgix.net
openaicomproductionae4b.blob.core.windows.net
production-openaicom-storage.azureedge.net

# Telegram
cdn-telegram.org
comments.app
contest.com
fragment.com
graph.org
quiz.directory
t.me
tdesktop.com
telega.one
telegra.ph
telegram-cdn.org
telegram.dog
telegram.me
telegram.org
telegram.space
telesco.pe
tg.dev
tx.me
usercontent.dev

# Cybersecurity & Privacy
app.zerossl.com
bitdefender.com
bits.avcdn.net
certifytheweb.com
cisecurity.org
clamav.net
community.sophos.com
crowdstrike.com
cvedetails.com
cybersecurity-help.cz
data-cdn.mbamupdates.com
docs.fortinet.com
fortiguard.com
fotoforensics.com
getsafeonline.org
hybrid-analysis.com
intelix.sophos.com
joesandbox.com
keepsolid.com
leakpeek.com
malwarebytes.com
malwarebytes.org
nordvpn.com
outflank.nl
pandasecurity.com
phishtank.com
pimeyes.com
securitytrails.com
singlekey-id.com
snort.org
tenable.com
tria.ge
vpnunlimited.com
watchguard.com

# Notion
notion-emojis.s3-us-west-2.amazonaws.com
notion-static.com
notion.com
notion.new
notion.site
notion.so

# Google
google.dev
googletagmanager.com
lookerstudio.google.com
news.google.com
play.google.com
play.googleapis.com
robinfrontend-pa.googleapis.com
suggestqueries.google.com

# Hashicorp
hashicorp.com
terraform.io
vagrantcloud.com

# Media DB
theaudiodb.com
themoviedb.org
tmdb-image-prod.b-cdn.net
tmdb.com
tmdb.org

# Jetbrains
api.app.prod.grazie.aws.intellij.net
jetbrains.ai
jetbrains.com
jetbrains.space
myjetbrains.com
youtrack.cloud

# Supercell
brawlstarsgame.com
clashofclans.com
clashroyaleapp.com
squadbustersgame.com
supercell.com

# Microsoft
d.docs.live.net
designer.microsoft.com
edge.microsoft.com
edgeservices.bing.com
mobile.events.data.microsoft.com
software-static.download.prss.microsoft.com
xsts.auth.xboxlive.com

# Salesforce
force-user-content.com
force.com
salesforce-experience.com
salesforce-hub.com
salesforce-scrt.com
salesforce-setup.com
salesforce-sites.com
salesforce.com
salesforceiq.com
salesforceliveagent.com
sfdcopens.com
site.com
trailblazer.me
trailhead.com

# Netflix
netflix.ca
netflix.com
netflix.net
netflixinvestor.com
netflixtechblog.com
nflxext.com
nflximg.com
nflximg.net
nflxsearch.net
nflxso.net
nflxvideo.net

# Social & communications
badoo.app
badoo.com
badoocdn.com
bdo.to
bumble.com
dating.com
guilded.gg
kemono.su
kismia.com
kmail-lists.com
lipstickalley.com
menti.com
strava.com
surveymonkey.com
truthsocial.com
upwork.com
zoosk.com

# Media & Entertainment
deezer.com
lidarr.audio
m3u.in
megogo.net
metopera.org
mixcloud.com
prowlarr.com
radarr.video
spotify.com
tidal.com

# Tik-tok
byteoversea.com
ibytedtos.com
muscdn.com
musical.ly
tik-tokapi.com
tiktok.com
tiktokcdn-eu.com
tiktokcdn-us.com
tiktokcdn.com
tiktokd.net
tiktokd.org
tiktokeu-cdn.com
tiktokrow-cdn.com
tiktokv.com
tiktokv.eu
tiktokv.us
tiktokw.eu
tiktokw.us
ttlivecdn.com
ttwstatic.com

# Cloud Services
cloud.mongodb.com
cloud.oracle.com
hostinger.com
lambdalabs.com
netlify.com
oraclecloud.com
quicknode.com
weebly.com
wpengine.com
xtracloud.net

# Amazon
aws.amazon.com
gaming.amazon.com
primevideo.com

# Design, photos and graphics
adobe-identity.com
adobe-services.com
adobe.activate.com
adobe.com
adobe.de
adobe.io
adobe.ipp
adobe.net
adobe.newoa
adobe.ntp
adobecc.com
adobecces.com
adobeccstatic.com
adobedtm.com
adobeereg.com
adobeexchange.com
adobegenuine.com
adobejanus.com
adobelogin.com
adobeoobe.com
adobeprojectm.com
adobesc.com
adobess.com
adobesunbreak.com
adobetag.com
alphacoders.com
astockcdn.net
behance.net
blinkshot.io
canva-apps.com
canva.com
canva.dev
capcut.com
cookielaw.org
designify.com
framer.com
freeimages.com
ftcdn.net
members.summerana.com
monotype.com
monotypefonts.com
myfonts.com
pexels.com
pixabay.com
seekvectorlogo.net
typekit.com
typekit.net
unscreen.com
yeggi.com
yithemes.com
zedge.net

# 3D & CAD
3dwarehouse.sketchup.com
beacon3d.com
bricklink.com
cesium.com
chaos.com
daz3d.com
extensions.sketchup.com
gambody.com
onshape.com
ptc.com
qcad.org
ultimaker.com
vectorworks.net

# Autodesk
autocad.com
autodesk.com
autodesk.io
autodesk.net
autodesk360.com
cdn.web-platform.io

# Heroku
assets.heroku.com
herokucdn.com

# sky.com
digitalcontent.sky
sky.com
skycdp.com

# Gaming
agar.io
blizzardwatch.com
boosteroid.com
broccolionline.jp
cdromance.org
fanatical.com
g2a.com
gamestop.com
ghostrc.game.idtech.services
humolebundle.com
promods.net
shop.gameloft.com
stalker2.com
steamidfinder.com
store.ubi.com
trionworlds.com
wonderclub.com
xbox.com

# IT & DevOps
account.mongodb.com
airbrake.io
altaro.com
artifacts.elastic.co
atlassian.com
bitbucket.org
buanzo.org
buf.build
cdw.com
clickup.com
deepsource.com
deepsource.io
devops.com
disctech.com
docker.elastic.co
docker.io
freemyip.com
gitlab.io
grafana.com
graylog.org
ibm.com
linuxiac.com
liquibase.com
mattermost.com
middlewareinventory.com
mongodb.net
ngrok.com
octostatic.com
omv-extras.org
packages.gitlab.com
perforce.com
pingdom.com
platform.activestate.com
qaweb.dev
redis.com
redis.io
repo.bacch.com
repo.mongodb.org
resp.app
sentry.io
serverkast.com
smartbear.com
smartdeploy.com
soapui.org
solarwinds.com
spacelift.io
spiceworks.com
synoforum.com
sysdig.com
systemtek.co.uk
telemetr.io
thomas-krenn.com
turn.livekit.cloud
veritas.com
webnames.ca
zapier.com

# Software Development
download.qt.io
download.screamingfrog.co.uk
downloads.ultraedit.com
forum.lightburnsoftware.com
master.qt.io
nitropdf.com
plugin-alliance.com
readdle.com
releases.raycast.com
serato.com
setapp.com
tableau.com
teslasoft.org
thesassway.com

# Programs
apiary.io
avira.com
capacitorjs.com
codeium.com
daemon-tools.cc
devart.com
devexpress.com
diffblue.com
flourish.studio
ghidra-sre.org
jamf.com
login.norton.com
macpaw.com
reactflow.dev
serif.com
snyk.io
swagger.io
teamviewer.com
veeam.com

# Networking
cambiumnetworks.com
fw-download.ubnt.com
fw-update.ubnt.com
pkgs.tailscale.com
vyos.io

# Electronics & Hardware
adafruit.com
adam-audio.com
alienwarearena.com
amazfitwatchfaces.com
analog.com
bosch-home.com
bosch.de
download.lenovo.com
dyson.com
dyson.nl
dyson.se
element14.com
farnell.com
flir.com
flir.eu
fluke.com
flukenetworks.com
gold.razer.com
home-connect.cn
home-connect.com
infineon.com
intuitibits.com
keysight.com
login.amd.com
maximintegrated.com
mbed.com
microchip.com
mouser.com
mouser.fi
nxp.com
octopart-clicks.com
oculus.com
pcbway.com
philscomputerlab.com
qualcomm.com
services.xerox.com
shinyhardware.co.uk
st.com
support.ts.fujitsu.com
support.xerox.com
te.com
thinkpads.com
ti.com
tsmc.com
www3.corsair.com
xcelerator.siemens.com
xmg.gg

# Broadcom
broadcom.com
# VMware
citrix.com
omnissa.com
vmware.com

# Nvidia
developer.nvidia.com
geforcenow.com
gfn.am
install.launcher.omniverse.nvidia.com

# Cisco
cisco.com
jabra.com
portal.bgpmon.net
splunk.com
splunkcloud.com
webex.com

# Dell
afcs.dellcdn.com
dell.com

# Intel
geolocation.onetrust.com
intel.com
intel.de
intel.nl
intel.se

# Anime
crunchyroll.com
wakanim.tv

# Groupon
groupon.com
grouponcdn.com

# Finance
app.paraswap.io
blur.io
buymeacoffee.com
coingate.com
crunchbase.com
dnb.com
flexpool.io
gofundme.com
hashkey.com
iaai.com
myprepaidcenter.com
oasis.app
paypal.com
pump.fun
refinitiv.com
squareup.com
walletconnect.com

# Shops
abercrombie.com
acurapartswarehouse.com
adidas.com
aftermarket.schaeffler.com
alza.hu
bestbuy.com
blackfriday.com
btod.com
carrefouruae.com
dickssportinggoods.com
digikey.com
ducati.com
elgiganten.se
etsy.com
foxtrot.com.ua
game.co.uk
hollisterco.com
iherb.com
kroger.com
letyshops.com
lowes.com
monoprice.com
newark.com
nike.com
ocstore.com
octopart.com
pny.com
reverb.com
samsclub.com
sephora.com
serialcart.com
sites.fastspring.com
stockx.com
target.com
timberland.com
timberland.de
vans.com
vans.de
vans.fr
vans.it
vans.nl
vans.se
volkswagen-classic-parts.com
walmart.com

# Health & Medicine
clevelandclinic.org
healthline.com
icd10data.com
medicalnewstoday.com

# Info
4pda.ru
4pda.to
habr.com
informit.com
pcgamesn.com
pcmag.com

# Education and documentation
cocalc.com
credly.com
dochub.com
documentation.meraki.com
futurelearn.com
getoutline.com
grammarly.com
itninja.com
ldoceonline.com
oclc.org
pluralsight.com
ratatype.com
research.net
shiksha.com
slideshare.net
studychat.app
wikidot.com
yourdictionary.com

# Travel & Maps
alltrails.com
gpsonextra.net
hotels.com
weather.com
windguru.cz
wunderground.com

# Sports
f1.com
footballapi.pulselive.com
formula1.com
moneypuck.com
nba.com
nfl.com
premierleague.com

# Other
2407.pl
4pda.ws
5parks.com
6pm.com
8chan.moe
a-vrv.akamaized.net
account.templatemonster.com
aftermarket.zf.com
ahrefs.com
aircanada.com
akc.org
alberta.ca
altsociety.ai
amplitude.com
andrevi.ch
angryemailtranslator.com
annimon.com
ansys.com
aplawrence.com
app.langdock.com
arc.net
arduino.cc
att.com
atwiki.jp
augmentcode.com
auth.hpe.com
av-connection.com
bell-sw.com
binaryedge.io
bitcoin.org
bitnami.com
bluesky-soft.com
bmc.com
bmc.okta.com
bosch.com
boschaftermarket.com
boschautoparts.com
bradyid.com
broncosportforum.com
builds.parsec.app
cats.com
census.gov
chainreactioncycles.com
clip.opus.pro
cloud.webscraper.io
cmems-du.eu
code.gist.build
codebrowser.dev
colamco.com
connect.ngrok-agent.com
contabo.com
copernicus.eu
cpu-monkey.com
darkproject.eu
data.cline.bot
databricks.com
datacamp.com
deepl.com
deepstatemap.live
diabrowser.com
dice.com
disneyplus.com
docker.com
document360.com
document360.io
e-hentai.org
easydmarc.com
easyjet.com
editorx.com
elements.envato.com
eneba.com
engagor.com
entrust.com
exchanger.bits.media
expandrive.com
extremetech.com
familysearch.org
fast.com
fiercepc.co.uk
filebin.net
findagrave.com
fls.guru
flyertalk.com
forum.netgate.com
foxnews.com
fxnetworks.com
g711.org
gallery.zetalliance.org
gateway.pinata.cloud
global.fncstatic.com
global.platform.seconddinnertech.com
glpals.com
gnome-look.org
gov.ua
gpu-monkey.com
gql.twitch.tv
grizzlysms.com
haydaygame.com
hbomax.com
hc-ping.com
hchk.io
home.by.me
housebrand.com
htmhell.dev
humblebundle.com
hyundainews.com
idealista.com
ikea.com
imagecache365.com
imgur.com
indeed.com
insanelymac.com
intellipaat.com
intuit.com
iperf3serverlist.net
issuu.com
itdog.info
jsfiddle.net
keepgrowing.in
klarna.com
klaviyo.com
kowalski7cc.xyz
legalshield.com
lgeapi.com
lgthinq.com
lifehacker.com
liquidsky.com
logo.com
macvendors.com
mailchi.mp
mailerlite.com
mailinator.com
manybooks.net
marvelsnap.com
matrix-client.matrix.org
max.com
me.meshcapade.com
meest-shop.com
michaelkors.global
microcenter.com
militarnyi.com
mint.com
mintmobile.com
miracleptr.wordpress.com
monster.ie
mssg.me
myheritage.com
myparallels.com
myqrcode.com
myrotvorets.center
myworld-portal.leica-geosystems.com
myworld.leica-geosystems.com
neo4j.com
netacad.com
netapp.com
neuesbad.de
new.abb.com
newsroom.porsche.com
ngrok.community
nordaccount.com
nordcdn.com
ntp.msn.com
openculture.com
openh264.org
openrouter.ai
ottg.app
paddle.com
paddlestatus.com
padi.com
parallels.cn
parallels.com
parallels.net
parallelsaccess.com
paritydeals.com
parts-express.com
penguin.com
penguinrandomhouse.com
pepephone.com
peter-tanner.com
pizzahut.com
plugshare.com
posthog.com
profitwell.com
public.parsec.app
qwant.com
raycast-releases.com
readybot.io
redislabs.com
refactoring.guru
remna.st
restream.io
reve.art
ripcordchat.onfastspring.com
rocketsoftware.com
rockthejvm.com
sap.com
sbom.sh
scam-detector.com
schenker-tech.de
sdxcentral.com
semrush.com
sendy.jp
sentry.dev
servarr.com
showtime.com
siteground.com
skyshowtime.com
smartbear.co
snapgene.com
sonara.ai
spirit-of-metal.com
spitfireaudio.com
sqlshack.com
stagescycling.com
steganos.com
stereophile.com
stuff.co.nz
support.anydesk.com
support.huawei.com
support.ruckuswireless.com
swapd.co
syncfusion.com
talosintelligence.com
techbargains.com
technobezz.com
techthoughts.info
tempmail.plus
tommy.com
torrenteditor.com
trae.ai
transferwise.com
trueachievements.com
tsheets.com
tutanota.com
tvn24.pl
typing.com
uaudio.com
uizard.io
undress.cc
unsplash.com
usher.ttvnw.net
v.vrv.co
varonis.com
vehiclelifetimesolutions.schaeffler.com
velocidrone.com
vod-fy.crunchyrollcdn.com
volet.com
wbgames.com
wccftech.com
wdfiles.com
we.tl
wellfound.com
wetransfer.com
wheather.com
widgetapp.stream
windsurf.com
wise.com
wk.cz
wwnd.space
xfantazy.com
xiaomi.eu
